******************************************************************************
                  TI ARM Linker PC v20.2.6                     
******************************************************************************
>> Linked Wed Apr 27 15:32:46 2022

OUTPUT FILE NAME:   <L9942_driver_LP_CC2652RB_tirtos_ccs.out>
ENTRY POINT SYMBOL: "ResetISR"  address: 000039ed


MEMORY CONFIGURATION

         name            origin    length      used     unused   attr    fill
----------------------  --------  ---------  --------  --------  ----  --------
  FLASH                 00000000   00058000  00005e10  000521f0  R  X
  GPRAM                 11000000   00002000  00000000  00002000  RW X
  SRAM                  20000000   00014000  000051c2  0000ee3e  RW X
  LOG_DATA              90000000   00040000  00000000  00040000  R   


SEGMENT ALLOCATION MAP

run origin  load origin   length   init length attrs members
----------  ----------- ---------- ----------- ----- -------
00000000    00000000    00005db8   00005db8    r-x
  00000000    00000000    0000003c   0000003c    r-- .resetVecs
  0000003c    0000003c    0000528c   0000528c    r-x .text
  000052c8    000052c8    00000878   00000878    r-- .const
  00005b40    00005b40    00000278   00000278    r-- .cinit
00057fa8    00057fa8    00000058   00000058    r--
  00057fa8    00057fa8    00000058   00000058    r-- .ccfg
20000100    20000100    00000c71   00000000    rw-
  20000100    20000100    00000004   00000000    rw- .data:xdcRomConstPtr
  20000104    20000104    00000004   00000000    rw- .data:xdcRomExternFuncPtr
  20000108    20000108    00000004   00000000    rw- .data:xdcRomStatePtr
  20000110    20000110    0000067d   00000000    rw- .bss
  20000790    20000790    000005e1   00000000    rw- .data
20001830    20001830    00000010   00000000    rw-
  20001830    20001830    00000010   00000000    rw- .TI.bound:dmaSpi0RxControlTableEntry
20001840    20001840    00000010   00000000    rw-
  20001840    20001840    00000010   00000000    rw- .TI.bound:dmaSpi0TxControlTableEntry
20001900    20001900    00000010   00000000    rw-
  20001900    20001900    00000010   00000000    rw- .TI.bound:dmaSpi1RxControlTableEntry
20001910    20001910    00000010   00000000    rw-
  20001910    20001910    00000010   00000000    rw- .TI.bound:dmaSpi1TxControlTableEntry
20001a30    20001a30    00000010   00000000    rw-
  20001a30    20001a30    00000010   00000000    rw- .TI.bound:dmaSpi0RxAltControlTableEntry
20001a40    20001a40    00000010   00000000    rw-
  20001a40    20001a40    00000010   00000000    rw- .TI.bound:dmaSpi0TxAltControlTableEntry
20001b00    20001b00    00000010   00000000    rw-
  20001b00    20001b00    00000010   00000000    rw- .TI.bound:dmaSpi1RxAltControlTableEntry
20001b10    20001b10    00000010   00000000    rw-
  20001b10    20001b10    00000010   00000000    rw- .TI.bound:dmaSpi1TxAltControlTableEntry
20001b20    20001b20    00004000   00000000    r--
  20001b20    20001b20    00004000   00000000    r-- .priheap
20013c00    20013c00    00000400   00000000    rw-
  20013c00    20013c00    00000400   00000000    rw- .stack


SECTION ALLOCATION MAP

 output                                  attributes/
section   page    origin      length       input sections
--------  ----  ----------  ----------   ----------------
.binit     0    00000000    00000000     

.cinit     0    00005b40    00000278     
                  00005b40    0000019f     (.cinit..data.load) [load image, compression = lzss]
                  00005cdf    00000001     --HOLE-- [fill = 0]
                  00005ce0    0000000c     (__TI_handler_table)
                  00005cec    00000004     --HOLE-- [fill = 0]
                  00005cf0    00000008     (.cinit..TI.bound:dmaSpi0RxAltControlTableEntry.load) [load image, compression = zero_init]
                  00005cf8    00000008     (.cinit..TI.bound:dmaSpi0RxControlTableEntry.load) [load image, compression = zero_init]
                  00005d00    00000008     (.cinit..TI.bound:dmaSpi0TxAltControlTableEntry.load) [load image, compression = zero_init]
                  00005d08    00000008     (.cinit..TI.bound:dmaSpi0TxControlTableEntry.load) [load image, compression = zero_init]
                  00005d10    00000008     (.cinit..TI.bound:dmaSpi1RxAltControlTableEntry.load) [load image, compression = zero_init]
                  00005d18    00000008     (.cinit..TI.bound:dmaSpi1RxControlTableEntry.load) [load image, compression = zero_init]
                  00005d20    00000008     (.cinit..TI.bound:dmaSpi1TxAltControlTableEntry.load) [load image, compression = zero_init]
                  00005d28    00000008     (.cinit..TI.bound:dmaSpi1TxControlTableEntry.load) [load image, compression = zero_init]
                  00005d30    00000008     (.cinit..bss.load) [load image, compression = zero_init]
                  00005d38    00000008     (.cinit..data:xdcRomConstPtr.load) [load image, compression = lzss]
                  00005d40    00000008     (.cinit..data:xdcRomExternFuncPtr.load) [load image, compression = lzss]
                  00005d48    00000008     (.cinit..data:xdcRomStatePtr.load) [load image, compression = lzss]
                  00005d50    00000068     (__TI_cinit_table)

.init_array 
*          0    00000000    00000000     UNINITIALIZED

.ccfg      0    00057fa8    00000058     
                  00057fa8    00000058     ti_devices_config.obj (.ccfg:retain)

.bss       0    20000110    0000067d     UNINITIALIZED
                  20000110    00000200     release_pem4f.oem4f (.bss:taskStackSection)
                  20000310    00000110     (.common:spiCC26X2DMAObjects)
                  20000420    000000d8     (.common:ti_sysbios_family_arm_m3_Hwi_dispatchTable)
                  200004f8    00000098     (.common:gptimerCC26XXObjects)
                  20000590    0000007c     (.common:pinHandleTable)
                  2000060c    00000050     drivers_cc26x2.a : PINCC26XX.oem4f (.bss:pinSemaphore)
                  2000065c    0000003c                      : PINCC26XX.oem4f (.bss:pinSwi)
                  20000698    00000020                      : GPIOCC26XX.oem4f (.bss:gpioCallbackInfo)
                  200006b8    00000020                      : PINCC26XX.oem4f (.bss:pinGpioConfigTable)
                  200006d8    00000020     (.common:pwmTimerCC26XXObjects)
                  200006f8    00000020     (.common:udmaCC26XXObject)
                  20000718    0000001c                      : PINCC26XX.oem4f (.bss:pinHwi)
                  20000734    00000010     (.common:masterRxBuffer)
                  20000744    00000010     (.common:masterTxBuffer)
                  20000754    0000000c                      : GPIOCC26XX.oem4f (.bss:gpioPinState)
                  20000760    0000000c                      : PWMTimerCC26XX.oem4f (.bss:pinState)
                  2000076c    00000008                      : GPIOCC26XX.oem4f (.bss)
                  20000774    00000004                      : PINCC26XX.oem4f (.bss)
                  20000778    00000004     (.common:PowerCC26XX_swiKey)
                  2000077c    00000004     (.common:PowerCC26XX_taskKey)
                  20000780    00000004     (.common:dirgpio)
                  20000784    00000004     (.common:semReport)
                  20000788    00000004     (.common:stepEnMB)
                  2000078c    00000001     (.common:driverlib_release_0_60278)

.data      0    20000790    000005e1     UNINITIALIZED
                  20000790    00000170     drivers_cc26x2.a : PowerCC26X2.oem4f (.data:PowerCC26X2_module)
                  20000900    0000010c     release_pem4f.oem4f (.data:ROM_stateStruct)
                  20000a0c    000000b4     rom_sysbios.aem4f : rom_sysbios.obj (.data:$O1$$)
                  20000ac0    0000004c     release_pem4f.oem4f (.data:ti_sysbios_knl_Task_Object__table__V)
                  20000b0c    00000004     drivers_cc26x2.a : PWMTimerCC26XX.oem4f (.data)
                  20000b10    00000048     release_pem4f.oem4f (.data:ti_sysbios_family_arm_cc26xx_Timer_Object__table__V)
                  20000b58    00000038     release_pem4f.oem4f (.data:ti_sysbios_gates_GateMutex_Object__table__V)
                  20000b90    00000030     release_pem4f.oem4f (.data:ti_sysbios_knl_Swi_Module_State_0_readyQ__A)
                  20000bc0    00000030     release_pem4f.oem4f (.data:ti_sysbios_knl_Swi_Object__table__V)
                  20000bf0    00000030     release_pem4f.oem4f (.data:ti_sysbios_knl_Task_Module_State_0_readyQ__A)
                  20000c20    00000024     driverlib.lib : osc.obj (.data:$O1$$)
                  20000c44    00000020     release_pem4f.oem4f (.data:ti_sysbios_knl_Clock_Object__table__V)
                  20000c64    00000020     release_pem4f.oem4f (.data:xdc_runtime_Error_IgnoreBlock)
                  20000c84    00000018     release_pem4f.oem4f (.data:ti_sysbios_family_arm_m3_Hwi_Object__table__V)
                  20000c9c    00000018     release_pem4f.oem4f (.data:ti_sysbios_heaps_HeapMem_Object__table__V)
                  20000cb4    00000014     ti_drivers_config.obj (.data:gpioCallbackFunctions)
                  20000cc8    00000014     ti_drivers_config.obj (.data:gpioPinConfigs)
                  20000cdc    00000008     rtsv7M4_T_le_v4SPD16_eabi.lib : _lock.c.obj (.data:$O1$$)
                  20000ce4    00000008     drivers_cc26x2.a : PINCC26XX.oem4f (.data)
                  20000cec    00000008     release_pem4f.oem4f (.data:ti_sysbios_family_arm_m3_Hwi_Module__root__V)
                  20000cf4    00000008     release_pem4f.oem4f (.data:ti_sysbios_gates_GateHwi_Module__root__V)
                  20000cfc    00000008     release_pem4f.oem4f (.data:ti_sysbios_gates_GateMutex_Module__root__V)
                  20000d04    00000008     release_pem4f.oem4f (.data:ti_sysbios_hal_Hwi_Module__root__V)
                  20000d0c    00000008     release_pem4f.oem4f (.data:ti_sysbios_heaps_HeapMem_Module__root__V)
                  20000d14    00000008     release_pem4f.oem4f (.data:ti_sysbios_knl_Clock_Module__root__V)
                  20000d1c    00000008     release_pem4f.oem4f (.data:ti_sysbios_knl_Event_Module__root__V)
                  20000d24    00000008     release_pem4f.oem4f (.data:ti_sysbios_knl_Mailbox_Module__root__V)
                  20000d2c    00000008     release_pem4f.oem4f (.data:ti_sysbios_knl_Queue_Module__root__V)
                  20000d34    00000008     release_pem4f.oem4f (.data:ti_sysbios_knl_Semaphore_Module__root__V)
                  20000d3c    00000008     release_pem4f.oem4f (.data:ti_sysbios_knl_Swi_Module__root__V)
                  20000d44    00000008     release_pem4f.oem4f (.data:ti_sysbios_knl_Task_Module__root__V)
                  20000d4c    00000008     release_pem4f.oem4f (.data:xdc_runtime_System_Module_State_0_atexitHandlers__A)
                  20000d54    00000005     drivers_cc26x2.a : GPIOCC26XX.oem4f (.data)
                  20000d59    00000001                      : PWM.oem4f (.data)
                  20000d5a    00000002     release_pem4f.oem4f (.data:ti_sysbios_family_arm_m3_Hwi_Module_State_0_excActive__A)
                  20000d5c    00000004     drivers_cc26x2.a : GPIOCC26XX.oem4f (.data:gpioPinTable)
                  20000d60    00000004     rtsv7M4_T_le_v4SPD16_eabi.lib : stkdepth_vars.c.obj (.data)
                  20000d64    00000004     release_pem4f.oem4f (.data:ti_sysbios_family_arm_m3_Hwi_Module_State_0_excContext__A)
                  20000d68    00000004     release_pem4f.oem4f (.data:ti_sysbios_family_arm_m3_Hwi_Module_State_0_excStack__A)
                  20000d6c    00000004     release_pem4f.oem4f (.data:ti_sysbios_knl_Task_Module_State_0_idleTask__A)
                  20000d70    00000001     drivers_cc26x2.a : SPI.oem4f (.data)

.stack     0    20013c00    00000400     UNINITIALIZED
                  20013c00    00000400     --HOLE--

.priheap   0    20001b20    00004000     UNINITIALIZED
                  20001b20    00004000     --HOLE--

.log_data 
*          0    90000000    00000000     COPY SECTION

.data:xdcRomConstPtr 
*          0    20000100    00000004     UNINITIALIZED
                  20000100    00000004     release_pem4f.oem4f (.data:xdcRomConstPtr)

.data:xdcRomExternFuncPtr 
*          0    20000104    00000004     UNINITIALIZED
                  20000104    00000004     release_pem4f.oem4f (.data:xdcRomExternFuncPtr)

.data:xdcRomStatePtr 
*          0    20000108    00000004     UNINITIALIZED
                  20000108    00000004     release_pem4f.oem4f (.data:xdcRomStatePtr)

.bootVecs 
*          0    00000000    00000008     DSECT
                  00000000    00000008     boot.aem4f : boot.oem4f (.bootVecs)

.resetVecs 
*          0    00000000    0000003c     
                  00000000    0000003c     release_pem4f.oem4f (.resetVecs)

.vecs      0    20000000    000000d8     NOLOAD SECTION
                  20000000    000000d8     release_pem4f.oem4f (.vecs)

xdc.meta   0    00000000    00000102     COPY SECTION
                  00000000    00000102     release_pem4f.oem4f (xdc.meta)

xdc.noload 
*          0    00000000    00000000     COPY SECTION

__llvm_prf_cnts 
*          0    20000000    00000000     UNINITIALIZED

.TI.bound:dmaSpi0RxControlTableEntry 
*          0    20001830    00000010     UNINITIALIZED
                  20001830    00000010     drivers_cc26x2.a : SPICC26X2DMA.oem4f (.TI.bound:dmaSpi0RxControlTableEntry)

.TI.bound:dmaSpi0TxControlTableEntry 
*          0    20001840    00000010     UNINITIALIZED
                  20001840    00000010     drivers_cc26x2.a : SPICC26X2DMA.oem4f (.TI.bound:dmaSpi0TxControlTableEntry)

.TI.bound:dmaSpi1RxControlTableEntry 
*          0    20001900    00000010     UNINITIALIZED
                  20001900    00000010     drivers_cc26x2.a : SPICC26X2DMA.oem4f (.TI.bound:dmaSpi1RxControlTableEntry)

.TI.bound:dmaSpi1TxControlTableEntry 
*          0    20001910    00000010     UNINITIALIZED
                  20001910    00000010     drivers_cc26x2.a : SPICC26X2DMA.oem4f (.TI.bound:dmaSpi1TxControlTableEntry)

.TI.bound:dmaSpi0RxAltControlTableEntry 
*          0    20001a30    00000010     UNINITIALIZED
                  20001a30    00000010     drivers_cc26x2.a : SPICC26X2DMA.oem4f (.TI.bound:dmaSpi0RxAltControlTableEntry)

.TI.bound:dmaSpi0TxAltControlTableEntry 
*          0    20001a40    00000010     UNINITIALIZED
                  20001a40    00000010     drivers_cc26x2.a : SPICC26X2DMA.oem4f (.TI.bound:dmaSpi0TxAltControlTableEntry)

.TI.bound:dmaSpi1RxAltControlTableEntry 
*          0    20001b00    00000010     UNINITIALIZED
                  20001b00    00000010     drivers_cc26x2.a : SPICC26X2DMA.oem4f (.TI.bound:dmaSpi1RxAltControlTableEntry)

.TI.bound:dmaSpi1TxAltControlTableEntry 
*          0    20001b10    00000010     UNINITIALIZED
                  20001b10    00000010     drivers_cc26x2.a : SPICC26X2DMA.oem4f (.TI.bound:dmaSpi1TxAltControlTableEntry)

.text      0    0000003c    0000528c     
                  0000003c    000002f4     drivers_cc26x2.a : SPICC26X2DMA.oem4f (.text:SPICC26X2DMA_transfer)
                  00000330    00000234                      : SPICC26X2DMA.oem4f (.text:SPICC26X2DMA_hwiFxn)
                  00000564    000001f4                      : PINCC26XX.oem4f (.text:PIN_init)
                  00000758    000001bc     spimaster.obj (.text:main)
                  00000914    000001b6     rtsv7M4_T_le_v4SPD16_eabi.lib : fd_add_t2.asm.obj (.text)
                  00000aca    00000002     ti_drivers_config.obj (.text:Board_initHook)
                  00000acc    00000198     drivers_cc26x2.a : PowerCC26X2.oem4f (.text:Power_sleep)
                  00000c64    00000190                      : PowerCC26X2_calibrateRCOSC.oem4f (.text:calibrateRcoscHf1)
                  00000df4    0000018c                      : PowerCC26X2_calibrateRCOSC.oem4f (.text:runCalibrateFsm)
                  00000f80    00000188     release_pem4f.oem4f (.text:xdc_runtime_System_printfExtend__I)
                  00001108    00000178     drivers_cc26x2.a : SPICC26X2DMA.oem4f (.text:SPICC26X2DMA_transferCancel)
                  00001280    00000178                      : SPICC26X2DMA.oem4f (.text:configNextTransfer)
                  000013f8    00000174                      : PowerCC26X2.oem4f (.text:Power_init)
                  0000156c    0000016c     driverlib.lib : osc.obj (.text:findHposcCoefficients)
                  000016d8    00000150     drivers_cc26x2.a : SPICC26X2DMA.oem4f (.text:SPICC26X2DMA_open)
                  00001828    00000148                      : SPICC26X2DMA.oem4f (.text:initIO)
                  00001970    00000120                      : PowerCC26X2.oem4f (.text:configureXOSCHF)
                  00001a90    00000114                      : PINCC26XX.oem4f (.text:PINCC26XX_setIoCfg)
                  00001ba4    00000110                      : GPIOCC26XX.oem4f (.text:GPIO_setConfig)
                  00001cb4    000000fc     rtsv7M4_T_le_v4SPD16_eabi.lib : fd_mul_t2.asm.obj (.text)
                  00001db0    000000f4     drivers_cc26x2.a : SPICC26X2DMA.oem4f (.text:SPICC26X2DMA_control)
                  00001ea4    000000f0     driverlib.lib : sys_ctrl.obj (.text:NOROM_SysCtrlStandby)
                  00001f94    000000dc     drivers_cc26x2.a : PWMTimerCC26XX.oem4f (.text:PWMTimerCC26XX_open)
                  00002070    000000c8     dpl_cc26x2.a : PowerCC26X2_tirtos.oem4f (.text:PowerCC26XX_standbyPolicy)
                  00002138    000000c4     drivers_cc26x2.a : GPIOCC26XX.oem4f (.text:GPIO_init)
                  000021fc    000000c0                      : PowerCC26X2.oem4f (.text:Power_releaseDependency)
                  000022bc    000000b8                      : PowerCC26X2.oem4f (.text:Power_setDependency)
                  00002374    000000b6     driverlib.lib : osc.obj (.text:multiplyColumns)
                  0000242a    00000002     drivers_cc26x2.a : PWMTimerCC26XX.oem4f (.text:PWMTimerCC26XX_init)
                  0000242c    000000ac                      : PINCC26XX.oem4f (.text:PIN_open)
                  000024d8    000000ac     driverlib.lib : setup.obj (.text:TrimAfterColdResetWakeupFromShutDown)
                  00002584    000000a4                   : osc.obj (.text:findHposcPc)
                  00002628    000000a0     auto_init.aem4f : auto_init.oem4f (.text)
                  000026c8    0000009c     drivers_cc26x2.a : PWMTimerCC26XX.oem4f (.text:PWMTimerCC26XX_setDutyAndPeriod)
                  00002764    0000009c     rtsv7M4_T_le_v4SPD16_eabi.lib : memcpy_t2.asm.obj (.text)
                  00002800    00000098     driverlib.lib : osc.obj (.text:NOROM_OSC_HPOSCInitializeFrequencyOffsetParameters)
                  00002898    00000098                   : setup.obj (.text:NOROM_SetupTrimDevice)
                  00002930    00000098     spimaster.obj (.text:taskPWMFxn)
                  000029c8    00000096     rtsv7M4_T_le_v4SPD16_eabi.lib : ull_div_t2.asm.obj (.text)
                  00002a5e    00000092     driverlib.lib : osc.obj (.text:findDenominator)
                  00002af0    0000008e                   : osc.obj (.text:findNumerator)
                  00002b7e    00000002     rtsv7M4_T_le_v4SPD16_eabi.lib : _lock.c.obj (.text:_nop)
                  00002b80    00000088     drivers_cc26x2.a : GPTimerCC26XX.oem4f (.text:GPTimerCC26XX_open)
                  00002c08    00000088     driverlib.lib : osc.obj (.text:NOROM_OSCHF_AttemptToSwitchToXosc)
                  00002c90    00000088     drivers_cc26x2.a : PowerCC26X2_calibrateRCOSC.oem4f (.text:calibrateRcoscHf2)
                  00002d18    00000088                      : PowerCC26X2.oem4f (.text:disableLFClockQualifiers)
                  00002da0    00000088                      : PowerCC26X2_calibrateRCOSC.oem4f (.text:updateSubSecInc)
                  00002e28    00000086     rtsv7M4_T_le_v4SPD16_eabi.lib : fd_cmp_t2.asm.obj (.text:__aeabi_cdcmple)
                  00002eae    00000086                                   : fd_cmp_t2.asm.obj (.text:__aeabi_cdrcmple)
                  00002f34    00000084     ti_drivers_config.obj (.text:Board_sendExtFlashByte)
                  00002fb8    00000084     spimaster.obj (.text:dataSPI)
                  0000303c    00000084     rom_sysbios.aem4f : rom_sysbios.obj (.text:ti_sysbios_family_arm_m3_Hwi_excHandlerMin__I)
                  000030c0    00000080     driverlib.lib : chipinfo.obj (.text:NOROM_ChipInfo_GetChipType)
                  00003140    00000080                   : sys_ctrl.obj (.text:NOROM_SysCtrlSetRechargeBeforePowerDown)
                  000031c0    00000080     rom_sysbios.aem4f : rom_sysbios.obj (.text:ti_sysbios_family_arm_cc26xx_Timer_start__E)
                  00003240    0000007a     rtsv7M4_T_le_v4SPD16_eabi.lib : memset_t2.asm.obj (.text)
                  000032ba    00000076     rom_sysbios.aem4f : rom_sysbios.obj (.text:ti_sysbios_heaps_HeapMem_allocUnprotected__E)
                  00003330    00000074     drivers_cc26x2.a : GPTimerCC26XX.oem4f (.text:GPTimerCC26XX_resetHw)
                  000033a4    00000074                      : PowerCC26X2_calibrateRCOSC.oem4f (.text:PowerCC26X2_auxISR)
                  00003418    00000072                      : SPICC26X2DMA.oem4f (.text:csnCallback)
                  0000348a    00000002                      : PowerCC26X2.oem4f (.text:emptyClockFunc)
                  0000348c    00000070                      : PINCC26XX.oem4f (.text:PIN_add)
                  000034fc    0000006e     rtsv7M4_T_le_v4SPD16_eabi.lib : ll_div_t2.asm.obj (.text)
                  0000356a    00000002                                   : div0.asm.obj (.text)
                  0000356c    0000006d     rom_sysbios.aem4f : rom_sysbios.obj (.text:xdc_runtime_System_formatNum__I)
                  000035d9    00000001     --HOLE-- [fill = 0]
                  000035da    00000002     release_pem4f.oem4f (.text:ti_sysbios_BIOS_nullFunc__I)
                  000035dc    00000068     driverlib.lib : osc.obj (.text:NOROM_OSCHF_SwitchToRcOscTurnOffXosc)
                  00003644    00000068     rtsv7M4_T_le_v4SPD16_eabi.lib : copy_decompress_lzss.c.obj (.text:decompress:lzss:__TI_decompress_lzss)
                  000036ac    00000064     spimaster.obj (.text:InitMotorDriverTask)
                  00003710    00000060     drivers_cc26x2.a : GPIOCC26XX.oem4f (.text:GPIO_write)
                  00003770    0000005c                      : PINCC26XX.oem4f (.text:PIN_remove)
                  000037cc    0000005c                      : PWMTimerCC26XX.oem4f (.text:PWMTimerCC26XX_setPeriod)
                  00003828    0000005c                      : SPICC26X2DMA.oem4f (.text:initHw)
                  00003884    0000005c     rom_sysbios.aem4f : rom_sysbios.obj (.text:ti_sysbios_heaps_HeapMem_initPrimary__I)
                  000038e0    0000005c     release_pem4f.oem4f (.text:xdc_runtime_Startup_getState__I)
                  0000393c    00000058     drivers_cc26x2.a : GPTimerCC26XX.oem4f (.text:GPTimerCC26XX_stop)
                  00003994    00000058                      : PowerCC26X2_calibrateRCOSC.oem4f (.text:PowerCC26X2_initiateCalibration)
                  000039ec    00000058     boot.aem4f : boot.oem4f (.text)
                  00003a44    00000058     rom_sysbios.aem4f : rom_sysbios.obj (.text:ti_sysbios_heaps_HeapMem_alloc__E)
                  00003a9c    00000054     driverlib.lib : prcm.obj (.text:NOROM_PRCMPowerDomainsAllOff)
                  00003af0    00000054     dpl_cc26x2.a : SwiP_tirtos.oem4f (.text:SwiP_construct)
                  00003b44    00000050     drivers_cc26x2.a : GPIOCC26XX.oem4f (.text:GPIO_enableInt)
                  00003b94    00000050                      : PWMTimerCC26XX.oem4f (.text:PWMTimerCC26XX_getdutyCounts)
                  00003be4    00000050                      : SPICC26X2DMA.oem4f (.text:SPICC26X2DMA_close)
                  00003c34    0000004c     ti_drivers_config.obj (.text:Board_wakeUpExtFlash)
                  00003c80    0000004c     drivers_cc26x2.a : GPTimerCC26XX.oem4f (.text:GPTimerCC26XX_initHw)
                  00003ccc    0000004c                      : GPTimerCC26XX.oem4f (.text:GPTimerCC26XX_start)
                  00003d18    0000004c     driverlib.lib : prcm.obj (.text:NOROM_PRCMPowerDomainsAllOn)
                  00003d64    0000004c     drivers_cc26x2.a : UDMACC26XX.oem4f (.text:UDMACC26XX_open)
                  00003db0    0000004c     rtsv7M4_T_le_v4SPD16_eabi.lib : cpy_tbl.c.obj (.text:copy_in)
                  00003dfc    0000004c     spimaster.obj (.text:taskSetDirFxn)
                  00003e48    00000048     drivers_cc26x2.a : PWMTimerCC26XX.oem4f (.text:PWMTimerCC26XX_setDuty)
                  00003e90    00000048                      : PowerCC26X2_calibrateRCOSC.oem4f (.text:PowerCC26X2_RCOSC_clockFunc)
                  00003ed8    00000048                      : PowerCC26X2.oem4f (.text:switchXOSCHF)
                  00003f20    00000044     driverlib.lib : chipinfo.obj (.text:NOROM_ChipInfo_GetHwRevision)
                  00003f64    00000044     drivers_cc26x2.a : PINCC26XX.oem4f (.text:PIN_swi)
                  00003fa8    00000044                      : PWM.oem4f (.text:PWM_init)
                  00003fec    00000044                      : SPI.oem4f (.text:SPI_init)
                  00004030    00000044     rtsv7M4_T_le_v4SPD16_eabi.lib : fd_tou_t2.asm.obj (.text)
                  00004074    00000042     drivers_cc26x2.a : SPICC26X2DMA.oem4f (.text:SPICC26X2DMA_swiFxn)
                  000040b6    00000002     rom_sysbios.aem4f : rom_sysbios.obj (.text:xdc_runtime_SysCallback_defaultAbort)
                  000040b8    00000040     ti_drivers_config.obj (.text:Board_shutDownExtFlash)
                  000040f8    00000040     dpl_cc26x2.a : ClockP_tirtos.oem4f (.text:ClockP_construct)
                  00004138    00000040     driverlib.lib : osc.obj (.text:NOROM_OSC_HPOSCRelativeFrequencyOffsetGet)
                  00004178    00000040     drivers_cc26x2.a : PWM.oem4f (.text:PWM_open)
                  000041b8    00000040                      : SPI.oem4f (.text:SPI_open)
                  000041f8    00000040     rtsv7M4_T_le_v4SPD16_eabi.lib : u_divt2.asm.obj (.text)
                  00004238    00000040     rom_sysbios.aem4f : rom_sysbios.obj (.text:ti_sysbios_family_arm_cc26xx_Timer_setThreshold__I)
                  00004278    0000003e     dpl_cc26x2.a : HwiP_tirtos.oem4f (.text:HwiP_construct)
                  000042b6    00000002     rom_sysbios.aem4f : rom_sysbios.obj (.text:xdc_runtime_SysCallback_defaultExit)
                  000042b8    0000003c     drivers_cc26x2.a : PINCC26XX.oem4f (.text:PIN_setInterrupt)
                  000042f4    0000003c                      : PINCC26XX.oem4f (.text:PIN_setOutputValue)
                  00004330    0000003c     rom_sysbios.aem4f : rom_sysbios.obj (.text:ti_sysbios_family_arm_m3_Hwi_construct2__E)
                  0000436c    00000038     drivers_cc26x2.a : PINCC26XX.oem4f (.text:PIN_setConfig)
                  000043a4    00000038                      : PowerCC26X2.oem4f (.text:notify)
                  000043dc    00000038     rtsv7M4_T_le_v4SPD16_eabi.lib : fs_tod_t2.asm.obj (.text)
                  00004414    00000036     drivers_cc26x2.a : UDMACC26XX.oem4f (.text:UDMACC26XX_close)
                  0000444a    00000002     rom_sysbios.aem4f : rom_sysbios.obj (.text:xdc_runtime_SysCallback_defaultFlush)
                  0000444c    00000034     drivers_cc26x2.a : GPIOCC26XX.oem4f (.text:GPIO_toggle)
                  00004480    00000034                      : GPTimerCC26XX.oem4f (.text:GPTimerCC26XXSetLoadMatch)
                  000044b4    00000034                      : GPTimerCC26XX.oem4f (.text:GPTimerCC26XX_configureDebugStall)
                  000044e8    00000034     driverlib.lib : aux_sysif.obj (.text:NOROM_AUXSYSIFOpModeChange)
                  0000451c    00000034                   : sys_ctrl.obj (.text:NOROM_SysCtrlIdle)
                  00004550    00000034     drivers_cc26x2.a : PWMTimerCC26XX.oem4f (.text:PWMTimerCC26XX_getperiodCounts)
                  00004584    00000032     rom_sysbios.aem4f : rom_sysbios.obj (.text:ti_sysbios_family_arm_cc26xx_Timer_setNextTick__E)
                  000045b6    00000002                       : rom_sysbios.obj (.text:xdc_runtime_SysCallback_defaultPutch)
                  000045b8    00000030     drivers_cc26x2.a : GPIOCC26XX.oem4f (.text:GPIO_hwiIntFxn)
                  000045e8    00000030                      : GPIOCC26XX.oem4f (.text:GPIO_setCallback)
                  00004618    00000030                      : GPTimerCC26XX.oem4f (.text:GPTimerCC26XX_close)
                  00004648    00000030                      : PINCC26XX.oem4f (.text:PINCC26XX_setMux)
                  00004678    00000030                      : PWMTimerCC26XX.oem4f (.text:PWMTimerCC26XX_start)
                  000046a8    00000030                      : PowerCC26X2.oem4f (.text:Power_releaseConstraint)
                  000046d8    00000030                      : PowerCC26X2.oem4f (.text:Power_setConstraint)
                  00004708    00000030     spimaster.obj (.text:taskReportFxn)
                  00004738    00000030     release_pem4f.oem4f (.text:ti_sysbios_BIOS_atExitFunc__I)
                  00004768    00000030     release_pem4f.oem4f (.text:ti_sysbios_BIOS_startFunc__I)
                  00004798    00000030     rom_sysbios.aem4f : rom_sysbios.obj (.text:ti_sysbios_family_arm_cc26xx_Timer_getCurrentTick__E)
                  000047c8    00000030                       : rom_sysbios.obj (.text:ti_sysbios_family_arm_cc26xx_Timer_initDevice__I)
                  000047f8    0000002c     drivers_cc26x2.a : GPTimerCC26XX.oem4f (.text:GPTimerCC26XX_getTimerValue)
                  00004824    0000002c                      : PWMTimerCC26XX.oem4f (.text:PWMTimerCC26XX_close)
                  00004850    0000002c                      : PWMTimerCC26XX.oem4f (.text:PWMTimerCC26XX_stop)
                  0000487c    0000002c     dpl_cc26x2.a : SemaphoreP_tirtos.oem4f (.text:SemaphoreP_constructBinary)
                  000048a8    0000002c                  : SemaphoreP_tirtos.oem4f (.text:SemaphoreP_createBinary)
                  000048d4    0000002c     rom_sysbios.aem4f : rom_sysbios.obj (.text:_pthread_delete$45)
                  00004900    0000002c                       : rom_sysbios.obj (.text:ti_sysbios_knl_Clock_getTicksUntilInterrupt__E)
                  0000492c    00000028     drivers_cc26x2.a : GPIOCC26XX.oem4f (.text:GPIO_read)
                  00004954    00000028                      : PowerCC26X2.oem4f (.text:Power_registerNotify)
                  0000497c    00000028                      : SPICC26X2DMA.oem4f (.text:flushFifos)
                  000049a4    00000028                      : PowerCC26X2.oem4f (.text:oscillatorISR)
                  000049cc    00000026                      : List.oem4f (.text:List_put)
                  000049f2    00000026                      : List.oem4f (.text:List_remove)
                  00004a18    00000024     ti_drivers_config.obj (.text:Board_init)
                  00004a3c    00000024     driverlib.lib : osc.obj (.text:NOROM_OSCHF_TurnOnXosc)
                  00004a60    00000024     rom_sysbios.aem4f : rom_sysbios.obj (.text:_pthread_cleanupFxn)
                  00004a84    00000024     drivers_cc26x2.a : PowerCC26X2_calibrateRCOSC.oem4f (.text:getTdcSemaphore)
                  00004aa8    00000024     release_pem4f.oem4f (.text:ti_sysbios_BIOS_registerRTSLock__I)
                  00004acc    00000024     release_pem4f.oem4f (.text:ti_sysbios_BIOS_removeRTSLock__I)
                  00004af0    00000024     rom_sysbios.aem4f : rom_sysbios.obj (.text:ti_sysbios_family_arm_cc26xx_Timer_getMaxTicks__E)
                  00004b14    00000020     spimaster.obj (.text:Callback_GPIO_Step_En)
                  00004b34    00000020     drivers_cc26x2.a : PINCC26XX.oem4f (.text:PINCC26XX_setIoCfgMux)
                  00004b54    00000020                      : PowerCC26X2.oem4f (.text:Power_unregisterNotify)
                  00004b74    00000020     rtsv7M4_T_le_v4SPD16_eabi.lib : u_tofd_t2.asm.obj (.text)
                  00004b94    00000020     release_pem4f.oem4f (.text:ti_sysbios_BIOS_rtsLock__I)
                  00004bb4    00000020     rom_sysbios.aem4f : rom_sysbios.obj (.text:ti_sysbios_family_arm_cc26xx_Timer_dynamicStub__E)
                  00004bd4    00000020                       : rom_sysbios.obj (.text:xdc_runtime_Error_policyMin__E)
                  00004bf4    0000001e     drivers_cc26x2.a : PINCC26XX.oem4f (.text:PIN_close)
                  00004c12    0000001e                      : PowerCC26X2.oem4f (.text:Power_getTransitionLatency)
                  00004c30    0000001e     rtsv7M4_T_le_v4SPD16_eabi.lib : ll_asr_t2.asm.obj (.text)
                  00004c4e    00000002     --HOLE-- [fill = 0]
                  00004c50    0000001c     driverlib.lib : chipinfo.obj (.text:NOROM_ChipInfo_GetChipFamily)
                  00004c6c    0000001c     drivers_cc26x2.a : PINCC26XX.oem4f (.text:PIN_hwi)
                  00004c88    0000001c     dpl_cc26x2.a : PowerCC26X2_tirtos.oem4f (.text:PowerCC26XX_schedulerDisable)
                  00004ca4    0000001c                  : PowerCC26X2_tirtos.oem4f (.text:PowerCC26XX_schedulerRestore)
                  00004cc0    0000001c     drivers_cc26x2.a : UDMACC26XX.oem4f (.text:UDMACC26XX_initHw)
                  00004cdc    0000001c     rom_sysbios.aem4f : rom_sysbios.obj (.text:ti_sysbios_family_arm_m3_Hwi_clearInterrupt__E)
                  00004cf8    0000001c                       : rom_sysbios.obj (.text:ti_sysbios_knl_Swi_construct2__E)
                  00004d14    0000001c     release_pem4f.oem4f (.text:xdc_runtime_Startup_exec__I)
                  00004d30    0000001a     drivers_cc26x2.a : PWMTimerCC26XX.oem4f (.text:PWMTimerCC26XX_control)
                  00004d4a    0000001a                      : PowerCC26X2.oem4f (.text:PowerCC26XX_calibrate)
                  00004d64    00000018     driverlib.lib : chipinfo.obj (.text:NOROM_ChipInfo_GetPackageType)
                  00004d7c    00000018     drivers_cc26x2.a : PowerCC26X2.oem4f (.text:Power_idleFunc)
                  00004d94    00000018     rtsv7M4_T_le_v4SPD16_eabi.lib : args_main.c.obj (.text:_args_main)
                  00004dac    00000018                                   : ll_mul_t2.asm.obj (.text)
                  00004dc4    00000018     drivers_cc26x2.a : PowerCC26X2.oem4f (.text:switchToTCXO)
                  00004ddc    00000018     release_pem4f.oem4f (.text:ti_sysbios_BIOS_rtsUnlock__I)
                  00004df4    00000018     rom_sysbios.aem4f : rom_sysbios.obj (.text:ti_sysbios_knl_Swi_or__E)
                  00004e0c    00000018                       : rom_sysbios.obj (.text:xdc_runtime_Error_init__E)
                  00004e24    00000016     driverlib.lib : chipinfo.obj (.text:NOROM_ThisLibraryIsFor_CC13x2_CC26x2_HwRev20AndLater_HaltIfViolated)
                  00004e3a    00000016     release_pem4f.oem4f (.text:ti_sysbios_BIOS_exitFunc__I)
                  00004e50    00000016     spimaster.obj (.text:ti_sysbios_knl_Mailbox_Params_init)
                  00004e66    00000016     spimaster.obj (.text:ti_sysbios_knl_Task_Params_init)
                  00004e7c    00000014     drivers_cc26x2.a : PINCC26XX.oem4f (.text:PINCC26XX_getInputValue)
                  00004e90    00000014                      : PINCC26XX.oem4f (.text:PINCC26XX_getPinCount)
                  00004ea4    00000014                      : PWM.oem4f (.text:PWM_Params_init)
                  00004eb8    00000014                      : PowerCC26X2_calibrateRCOSC.oem4f (.text:PowerCC26X2_calibrate)
                  00004ecc    00000014                      : SPI.oem4f (.text:SPI_Params_init)
                  00004ee0    00000014     rom_sysbios.aem4f : rom_sysbios.obj (.text:ti_sysbios_family_arm_cc26xx_Timer_getCount64__E)
                  00004ef4    00000014     release_pem4f.oem4f (.text:ti_sysbios_knl_Clock_doTick__I)
                  00004f08    00000012     spimaster.obj (.text:Callback_GPIO_Stall_Det)
                  00004f1a    00000012     drivers_cc26x2.a : GPTimerCC26XX.oem4f (.text:GPTimerCC26XX_Params_init)
                  00004f2c    00000012     dpl_cc26x2.a : SemaphoreP_tirtos.oem4f (.text:SemaphoreP_pend)
                  00004f3e    00000012     driverlib.lib : osc.obj (.text:readTempAndFreq)
                  00004f50    00000010     spimaster.obj (.text:Callback_GPIO_Dir)
                  00004f60    00000010     dpl_cc26x2.a : HwiP_tirtos.oem4f (.text:HwiP_Params_init)
                  00004f70    00000010                  : SwiP_tirtos.oem4f (.text:SwiP_Params_init)
                  00004f80    0000000e     rtsv7M4_T_le_v4SPD16_eabi.lib : copy_decompress_none.c.obj (.text:decompress:none:__TI_decompress_none)
                  00004f8e    0000000e     rom_sysbios.aem4f : rom_sysbios.obj (.text:ti_sysbios_family_arm_cc26xx_TimestampProvider_get32__E)
                  00004f9c    0000000c     dpl_cc26x2.a : ClockP_tirtos.oem4f (.text:ClockP_getSystemTickPeriod)
                  00004fa8    0000000c     driverlib.lib : cpu.obj (.text:NOROM_CPUcpsid)
                  00004fb4    0000000c                   : cpu.obj (.text:NOROM_CPUcpsie)
                  00004fc0    0000000c     drivers_cc26x2.a : PINCC26XX.oem4f (.text:PIN_registerIntCb)
                  00004fcc    0000000c                      : PowerCC26X2.oem4f (.text:Power_getConstraintMask)
                  00004fd8    0000000c                      : PowerCC26X2.oem4f (.text:Power_getDependencyCount)
                  00004fe4    0000000c     dpl_cc26x2.a : SemaphoreP_tirtos.oem4f (.text:SemaphoreP_delete)
                  00004ff0    0000000c     rtsv7M4_T_le_v4SPD16_eabi.lib : _lock.c.obj (.text:_register_lock)
                  00004ffc    0000000c                                   : _lock.c.obj (.text:_register_unlock)
                  00005008    0000000c                                   : copy_zero_init.c.obj (.text:decompress:ZI:__TI_zero_init)
                  00005014    0000000c     drivers_cc26x2.a : SPICC26X2DMA.oem4f (.text:spiPostNotify)
                  00005020    0000000c     rom_sysbios.aem4f : rom_sysbios.obj (.text:ti_sysbios_knl_Swi_getTrigger__E)
                  0000502c    0000000a     dpl_cc26x2.a : ClockP_tirtos.oem4f (.text:ClockP_Params_init)
                  00005036    0000000a     drivers_cc26x2.a : PWM.oem4f (.text:PWM_setDuty)
                  00005040    0000000a                      : PWM.oem4f (.text:PWM_start)
                  0000504a    0000000a                      : SPICC26X2DMA.oem4f (.text:SPICC26X2DMA_init)
                  00005054    0000000a                      : SPI.oem4f (.text:SPI_close)
                  0000505e    0000000a                      : SPI.oem4f (.text:SPI_transfer)
                  00005068    0000000a                      : UDMACC26XX.oem4f (.text:UDMACC26XX_hwiIntFxn)
                  00005072    00000008                      : GPTimerCC26XX.oem4f (.text:GPTimerCC26XX_setLoadValue)
                  0000507a    00000008                      : GPTimerCC26XX.oem4f (.text:GPTimerCC26XX_setMatchValue)
                  00005082    00000008                      : SPICC26X2DMA.oem4f (.text:blockingTransferCallback)
                  0000508a    00000008     release_pem4f.oem4f (.text:xdc_runtime_Text_visitRope__I)
                  00005092    00000006     drivers_cc26x2.a : GPTimerCC26XX.oem4f (.text:GPTimerCC26XX_getValue)
                  00005098    00000006     driverlib.lib : cpu.obj (.text:NOROM_CPUdelay)
                  0000509e    00000006     drivers_cc26x2.a : PowerCC26X2.oem4f (.text:delayUs)
                  000050a4    00000004     dpl_cc26x2.a : PowerCC26X2_tirtos.oem4f (.text:CPUwfi)
                  000050a8    00000004                  : ClockP_tirtos.oem4f (.text:ClockP_getCpuFreq)
                  000050ac    00000004                  : ClockP_tirtos.oem4f (.text:ClockP_start)
                  000050b0    00000004                  : ClockP_tirtos.oem4f (.text:ClockP_stop)
                  000050b4    00000004                  : HwiP_tirtos.oem4f (.text:HwiP_clearInterrupt)
                  000050b8    00000004                  : HwiP_tirtos.oem4f (.text:HwiP_destruct)
                  000050bc    00000004                  : HwiP_tirtos.oem4f (.text:HwiP_disable)
                  000050c0    00000004                  : HwiP_tirtos.oem4f (.text:HwiP_disableInterrupt)
                  000050c4    00000004                  : HwiP_tirtos.oem4f (.text:HwiP_enableInterrupt)
                  000050c8    00000004                  : SemaphoreP_tirtos.oem4f (.text:SemaphoreP_destruct)
                  000050cc    00000004                  : SemaphoreP_tirtos.oem4f (.text:SemaphoreP_post)
                  000050d0    00000004                  : SwiP_tirtos.oem4f (.text:SwiP_destruct)
                  000050d4    00000004                  : SwiP_tirtos.oem4f (.text:SwiP_getTrigger)
                  000050d8    00000004                  : SwiP_tirtos.oem4f (.text:SwiP_or)
                  000050dc    00000004                  : SwiP_tirtos.oem4f (.text:SwiP_post)
                  000050e0    00000004     drivers_cc26x2.a : PowerCC26X2.oem4f (.text:configureRFCoreClocks)
                  000050e4    00000004                      : PowerCC26X2.oem4f (.text:nopResourceHandler)
                  000050e8    00000004     release_pem4f.oem4f (.text:xdc_runtime_Startup_reset__I)
                  000050ec    00000004     rom_sysbios.aem4f : rom_sysbios.obj (.text:xdc_runtime_SysCallback_defaultReady)
                  000050f0    00000008     (.tramp.ti_sysbios_knl_Swi_destruct.1)
                  000050f8    00000008     (.tramp.ti_sysbios_family_arm_m3_Hwi_enableInterrupt__E.1)
                  00005100    00000008     (.tramp.ti_sysbios_family_arm_m3_Hwi_disableInterrupt__E.1)
                  00005108    00000008     (.tramp.ti_sysbios_family_arm_m3_Hwi_disableFxn__E.1)
                  00005110    00000008     (.tramp.ti_sysbios_family_arm_m3_Hwi_destruct.1)
                  00005118    00000008     (.tramp.ti_sysbios_BIOS_getCpuFreq__E.1)
                  00005120    00000008     (.tramp.ti_sysbios_knl_Semaphore_delete.1)
                  00005128    00000008     (.tramp.ti_sysbios_knl_Semaphore_post__E.1)
                  00005130    00000008     (.tramp.ti_sysbios_knl_Clock_logTick__E.1)
                  00005138    00000008     (.tramp.ti_sysbios_knl_Task_Params__init__S.1)
                  00005140    00000008     (.tramp.ti_sysbios_knl_Mailbox_Params__init__S.1)
                  00005148    00000008     (.tramp.ti_sysbios_knl_Swi_post__E.1)
                  00005150    00000008     (.tramp.ti_sysbios_BIOS_RtsGateProxy_leave__E.1)
                  00005158    00000008     (.tramp.ti_sysbios_knl_Swi_construct.1)
                  00005160    00000008     (.tramp.ti_sysbios_knl_Swi_restore__E.1)
                  00005168    00000008     (.tramp.ti_sysbios_BIOS_RtsGateProxy_enter__E.1)
                  00005170    00000008     (.tramp.ti_sysbios_knl_Mailbox_post__E.1)
                  00005178    00000008     (.tramp.ti_sysbios_knl_Task_restore__E.1)
                  00005180    00000008     (.tramp.ti_sysbios_knl_Clock_TimerProxy_getCurrentTick__E.1)
                  00005188    00000008     (.tramp.xdc_runtime_Memory_free__E.1)
                  00005190    00000008     (.tramp.ti_sysbios_knl_Task_delete.1)
                  00005198    00000008     (.tramp.ti_sysbios_knl_Semaphore_destruct.1)
                  000051a0    00000008     (.tramp.ti_sysbios_knl_Semaphore_construct.1)
                  000051a8    00000008     (.tramp.ti_sysbios_knl_Semaphore_Params__init__S.1)
                  000051b0    00000008     (.tramp.ti_sysbios_knl_Task_startup__E.1)
                  000051b8    00000008     (.tramp.ti_sysbios_knl_Swi_startup__E.1)
                  000051c0    00000008     (.tramp.ti_sysbios_hal_Hwi_startup__E.1)
                  000051c8    00000008     (.tramp.ti_sysbios_family_arm_cc26xx_Timer_startup__E.1)
                  000051d0    00000008     (.tramp.xdc_runtime_System_atexit__E.1)
                  000051d8    00000008     (.tramp.ti_sysbios_BIOS_linkedWithIncorrectBootLibrary__E.1)
                  000051e0    00000008     (.tramp.xdc_runtime_Startup_rtsDone__E.1)
                  000051e8    00000008     (.tramp.ti_sysbios_knl_Task_disable__E.1)
                  000051f0    00000008     (.tramp.ti_sysbios_knl_Swi_disable__E.1)
                  000051f8    00000008     (.tramp.ti_sysbios_family_arm_m3_Hwi_construct.1)
                  00005200    00000008     (.tramp.ti_sysbios_family_arm_m3_Hwi_Params__init__S.1)
                  00005208    00000008     (.tramp.ti_sysbios_knl_Clock_construct.1)
                  00005210    00000008     (.tramp.ti_sysbios_knl_Clock_Params__init__S.1)
                  00005218    00000008     (.tramp.ti_sysbios_knl_Semaphore_pend__E.1)
                  00005220    00000008     (.tramp.ti_sysbios_knl_Swi_Params__init__S.1)
                  00005228    00000008     (.tramp.ti_sysbios_heaps_HeapMem_Module_GateProxy_leave__E.1)
                  00005230    00000008     (.tramp.ti_sysbios_heaps_HeapMem_Module_GateProxy_enter__E.1)
                  00005238    00000008     (.tramp.xdc_runtime_System_exit__E.1)
                  00005240    00000008     (.tramp.ti_sysbios_heaps_HeapMem_restore__E.1)
                  00005248    00000008     (.tramp.ti_sysbios_heaps_HeapMem_Object__get__S.1)
                  00005250    00000008     (.tramp.xdc_runtime_Error_raiseX__E.1)
                  00005258    00000008     (.tramp.ti_sysbios_BIOS_setThreadType__E.1)
                  00005260    00000008     (.tramp.ti_sysbios_family_arm_m3_Hwi_excFillContext__I.1)
                  00005268    00000008     (.tramp.ti_sysbios_knl_Mailbox_pend__E.1)
                  00005270    00000008     (.tramp.xdc_runtime_System_printf__E.1)
                  00005278    00000008     (.tramp.ti_sysbios_knl_Clock_stop__E.1)
                  00005280    00000008     (.tramp.ti_sysbios_knl_Clock_start__E.1)
                  00005288    00000008     (.tramp.ti_sysbios_knl_Clock_setTimeout__E.1)
                  00005290    00000008     (.tramp.xdc_runtime_System_doPrint__I.1)
                  00005298    00000008     (.tramp.ti_sysbios_BIOS_start__E.1)
                  000052a0    00000008     (.tramp.ti_sysbios_knl_Mailbox_create.1)
                  000052a8    00000008     (.tramp.ti_sysbios_knl_Semaphore_create.1)
                  000052b0    00000008     (.tramp.xdc_runtime_System_abort__E.1)
                  000052b8    00000008     (.tramp.ti_sysbios_knl_Task_create.1)
                  000052c0    00000008     (.tramp.ti_sysbios_family_arm_m3_Hwi_restoreFxn__E.1)

.const     0    000052c8    00000878     
                  000052c8    000003b8     release_pem4f.oem4f (.const:ROM_constStruct)
                  00005680    00000150     driverlib.lib : osc.obj (.const:$O2$$)
                  000057d0    00000054     drivers_cc26x2.a : PowerCC26X2.oem4f (.const:resourceDB)
                  00005824    00000048     release_pem4f.oem4f (.const:.string)
                  0000586c    00000048     release_pem4f.oem4f (.const:ROM_externFuncPtrs)
                  000058b4    00000030     ti_drivers_config.obj (.const:BoardGpioInitTable)
                  000058e4    00000024     drivers_cc26x2.a : PWMTimerCC26XX.oem4f (.const:PWMTimerCC26XX_fxnTable)
                  00005908    00000024     release_pem4f.oem4f (.const:xdc_runtime_Startup_sfxnTab__A)
                  0000592c    00000020     drivers_cc26x2.a : SPI.oem4f (.const:SPI_defaultParams)
                  0000594c    00000020     ti_drivers_config.obj (.const:spiCC26X2DMAHWAttrs)
                  0000596c    0000001c     drivers_cc26x2.a : GPTimerCC26XX.oem4f (.const:GPT_LUT)
                  00005988    00000018     ti_drivers_config.obj (.const:GPTimerCC26XX_config)
                  000059a0    00000018     drivers_cc26x2.a : PWM.oem4f (.const:PWM_defaultParams)
                  000059b8    00000018                      : SPICC26X2DMA.oem4f (.const:SPICC26X2DMA_fxnTable)
                  000059d0    00000018                      : SPICC26X2DMA.oem4f (.const:frameFormat)
                  000059e8    00000018     ti_drivers_config.obj (.const:gptimerCC26XXHWAttrs)
                  00005a00    00000018     drivers_cc26x2.a : GPIOCC26XX.oem4f (.const:interruptType)
                  00005a18    00000014     ti_drivers_config.obj (.const:$P$T1$2)
                  00005a2c    00000014     ti_drivers_config.obj (.const:GPIOCC26XX_config)
                  00005a40    00000014     ti_drivers_config.obj (.const:PowerCC26X2_config)
                  00005a54    00000012     release_pem4f.oem4f (.const:xdc_runtime_Startup_sfxnRts__A)
                  00005a66    00000011     ti_drivers_config.obj (.const)
                  00005a77    00000001     release_pem4f.oem4f (.const:xdc_runtime_Text_charTab__A)
                  00005a78    00000010     drivers_cc26x2.a : GPIOCC26XX.oem4f (.const:outPinTypes)
                  00005a88    0000000e     spimaster.obj (.const:$P$T0$1)
                  00005a96    00000002     ti_drivers_config.obj (.const:pwmTimerCC26XXHWAttrs)
                  00005a98    0000000c     ti_drivers_config.obj (.const:PWM_config)
                  00005aa4    0000000c     ti_drivers_config.obj (.const:SPI_config)
                  00005ab0    0000000c     drivers_cc26x2.a : GPIOCC26XX.oem4f (.const:inPinTypes)
                  00005abc    0000000c                      : GPIOCC26XX.oem4f (.const:outPinStrengths)
                  00005ac8    0000000c     release_pem4f.oem4f (.const:xdc_runtime_Startup_firstFxns__A)
                  00005ad4    00000008     driverlib.lib : aux_sysif.obj (.const:$O1$$)
                  00005adc    00000008     ti_drivers_config.obj (.const:$P$T0$1)
                  00005ae4    00000008     drivers_cc26x2.a : GPTimerCC26XX.oem4f (.const:GPT_DefaultParams)
                  00005aec    00000008     ti_drivers_config.obj (.const:PINCC26XX_hwAttrs)
                  00005af4    00000008     ti_drivers_config.obj (.const:UDMACC26XX_config)
                  00005afc    00000008     drivers_cc26x2.a : SPICC26X2DMA.oem4f (.const:dmaNullConfig)
                  00005b04    00000008                      : SPICC26X2DMA.oem4f (.const:dmaRxConfig)
                  00005b0c    00000008                      : SPICC26X2DMA.oem4f (.const:dmaTxConfig)
                  00005b14    00000008     release_pem4f.oem4f (.const:ti_sysbios_family_arm_m3_Hwi_excHookFuncs__A)
                  00005b1c    00000008     release_pem4f.oem4f (.const:ti_sysbios_knl_Idle_funcList__A)
                  00005b24    00000008     ti_drivers_config.obj (.const:udmaCC26XXHWAttrs)
                  00005b2c    00000004     release_pem4f.oem4f (.const:ti_sysbios_family_arm_m3_Hwi_E_exception__C)
                  00005b30    00000004     release_pem4f.oem4f (.const:ti_sysbios_heaps_HeapMem_primaryHeapBaseAddr__C)
                  00005b34    00000004     release_pem4f.oem4f (.const:ti_sysbios_heaps_HeapMem_primaryHeapEndAddr__C)
                  00005b38    00000004     release_pem4f.oem4f (.const:ti_sysbios_knl_Clock_tickPeriod__C)
                  00005b3c    00000004     release_pem4f.oem4f (.const:ti_sysbios_knl_Task_Object__heap__C)

MODULE SUMMARY

       Module                             code    ro data   rw data
       ------                             ----    -------   -------
    .\
       spimaster.obj                      1062    14        44     
    +--+----------------------------------+-------+---------+---------+
       Total:                             1062    14        44     
                                                                   
    .\syscfg\
       ti_drivers_config.obj              310     263       528    
       ti_devices_config.obj              0       88        0      
    +--+----------------------------------+-------+---------+---------+
       Total:                             310     351       528    
                                                                   
    C:\Users\alberto\workspace_v11\tirtos_builds_cc13x2_cc26x2_release_ccs\Debug\configPkg\package\cfg\
       release_pem4f.oem4f                792     1259      1802   
    +--+----------------------------------+-------+---------+---------+
       Total:                             792     1259      1802   
                                                                   
    C:/ti/simplelink_cc13x2_26x2_sdk_5_20_00_52/kernel/tirtos/packages/ti/dpl/lib/ccs/m4f/dpl_cc26x2.a
       PowerCC26X2_tirtos.oem4f           260     0         8      
       SemaphoreP_tirtos.oem4f            126     0         0      
       SwiP_tirtos.oem4f                  116     0         0      
       ClockP_tirtos.oem4f                98      0         0      
       HwiP_tirtos.oem4f                  98      0         0      
    +--+----------------------------------+-------+---------+---------+
       Total:                             698     0         8      
                                                                   
    C:/ti/simplelink_cc13x2_26x2_sdk_5_20_00_52/source/ti/devices/cc13x2_cc26x2/driverlib/bin/ccs/driverlib.lib
       osc.obj                            1508    336       36     
       sys_ctrl.obj                       420     0         0      
       setup.obj                          324     0         0      
       chipinfo.obj                       270     0         0      
       prcm.obj                           160     0         0      
       aux_sysif.obj                      52      8         0      
       cpu.obj                            30      0         0      
       driverlib_release.obj              0       0         1      
    +--+----------------------------------+-------+---------+---------+
       Total:                             2764    344       37     
                                                                   
    C:/ti/simplelink_cc13x2_26x2_sdk_5_20_00_52/source/ti/drivers/lib/ccs/m4f/drivers_cc26x2.a
       SPICC26X2DMA.oem4f                 3402    72        128    
       PowerCC26X2.oem4f                  2060    84        368    
       PINCC26XX.oem4f                    1586    0         336    
       PowerCC26X2_calibrateRCOSC.oem4f   1400    0         0      
       GPIOCC26XX.oem4f                   832     64        61     
       PWMTimerCC26XX.oem4f               836     36        16     
       GPTimerCC26XX.oem4f                728     36        0      
       SPI.oem4f                          172     32        1      
       PWM.oem4f                          172     24        1      
       UDMACC26XX.oem4f                   168     0         0      
       List.oem4f                         76      0         0      
    +--+----------------------------------+-------+---------+---------+
       Total:                             11432   348       911    
                                                                   
    C:\Users\alberto\workspace_v11\tirtos_builds_cc13x2_cc26x2_release_ccs\src\sysbios\rom_sysbios.aem4f
       rom_sysbios.obj                    1323    0         180    
    +--+----------------------------------+-------+---------+---------+
       Total:                             1323    0         180    
                                                                   
    C:\ti\ccs1120\ccs\tools\compiler\ti-cgt-arm_20.2.6.LTS\lib\rtsv7M4_T_le_v4SPD16_eabi.lib
       fd_add_t2.asm.obj                  438     0         0      
       fd_cmp_t2.asm.obj                  268     0         0      
       fd_mul_t2.asm.obj                  252     0         0      
       memcpy_t2.asm.obj                  156     0         0      
       ull_div_t2.asm.obj                 150     0         0      
       memset_t2.asm.obj                  122     0         0      
       ll_div_t2.asm.obj                  110     0         0      
       copy_decompress_lzss.c.obj         104     0         0      
       cpy_tbl.c.obj                      76      0         0      
       fd_tou_t2.asm.obj                  68      0         0      
       u_divt2.asm.obj                    64      0         0      
       fs_tod_t2.asm.obj                  56      0         0      
       _lock.c.obj                        26      0         8      
       u_tofd_t2.asm.obj                  32      0         0      
       ll_asr_t2.asm.obj                  30      0         0      
       args_main.c.obj                    24      0         0      
       ll_mul_t2.asm.obj                  24      0         0      
       copy_decompress_none.c.obj         14      0         0      
       copy_zero_init.c.obj               12      0         0      
       stkdepth_vars.c.obj                0       0         4      
       div0.asm.obj                       2       0         0      
    +--+----------------------------------+-------+---------+---------+
       Total:                             2028    0         12     
                                                                   
    C:\ti\simplelink_cc13x2_26x2_sdk_5_20_00_52\kernel\tirtos\packages\ti\targets\arm\rtsarm\lib\auto_init.aem4f
       auto_init.oem4f                    160     0         0      
    +--+----------------------------------+-------+---------+---------+
       Total:                             160     0         0      
                                                                   
    C:\ti\simplelink_cc13x2_26x2_sdk_5_20_00_52\kernel\tirtos\packages\ti\targets\arm\rtsarm\lib\boot.aem4f
       boot.oem4f                         88      0         0      
    +--+----------------------------------+-------+---------+---------+
       Total:                             88      0         0      
                                                                   
       Stack:                             0       0         1024   
       Linker Generated:                  472     627       0      
    +--+----------------------------------+-------+---------+---------+
       Grand Total:                       21129   2943      4546   


LINKER GENERATED COPY TABLES

__TI_cinit_table @ 00005d50 records: 13, size/record: 8, table size: 104
	.data: load addr=00005b40, load size=0000019f bytes, run addr=20000790, run size=000005e1 bytes, compression=lzss
	.TI.bound:dmaSpi0RxAltControlTableEntry: load addr=00005cf0, load size=00000008 bytes, run addr=20001a30, run size=00000010 bytes, compression=zero_init
	.TI.bound:dmaSpi0RxControlTableEntry: load addr=00005cf8, load size=00000008 bytes, run addr=20001830, run size=00000010 bytes, compression=zero_init
	.TI.bound:dmaSpi0TxAltControlTableEntry: load addr=00005d00, load size=00000008 bytes, run addr=20001a40, run size=00000010 bytes, compression=zero_init
	.TI.bound:dmaSpi0TxControlTableEntry: load addr=00005d08, load size=00000008 bytes, run addr=20001840, run size=00000010 bytes, compression=zero_init
	.TI.bound:dmaSpi1RxAltControlTableEntry: load addr=00005d10, load size=00000008 bytes, run addr=20001b00, run size=00000010 bytes, compression=zero_init
	.TI.bound:dmaSpi1RxControlTableEntry: load addr=00005d18, load size=00000008 bytes, run addr=20001900, run size=00000010 bytes, compression=zero_init
	.TI.bound:dmaSpi1TxAltControlTableEntry: load addr=00005d20, load size=00000008 bytes, run addr=20001b10, run size=00000010 bytes, compression=zero_init
	.TI.bound:dmaSpi1TxControlTableEntry: load addr=00005d28, load size=00000008 bytes, run addr=20001910, run size=00000010 bytes, compression=zero_init
	.bss: load addr=00005d30, load size=00000008 bytes, run addr=20000110, run size=0000067d bytes, compression=zero_init
	.data:xdcRomConstPtr: load addr=00005d38, load size=00000008 bytes, run addr=20000100, run size=00000004 bytes, compression=lzss
	.data:xdcRomExternFuncPtr: load addr=00005d40, load size=00000008 bytes, run addr=20000104, run size=00000004 bytes, compression=lzss
	.data:xdcRomStatePtr: load addr=00005d48, load size=00000008 bytes, run addr=20000108, run size=00000004 bytes, compression=lzss


LINKER GENERATED HANDLER TABLE

__TI_handler_table @ 00005ce0 records: 3, size/record: 4, table size: 12
	index: 0, handler: __TI_decompress_lzss
	index: 1, handler: __TI_decompress_none
	index: 2, handler: __TI_zero_init


FAR CALL TRAMPOLINES

callee name               trampoline name
   callee addr  tramp addr   call addr  call info
--------------  -----------  ---------  ----------------
ti_sysbios_knl_Swi_destruct  $Tramp$TT$L$PI$$ti_sysbios_knl_Swi_destruct
   1002e8bd     000050f0     000050d0   dpl_cc26x2.a : SwiP_tirtos.oem4f (.text:SwiP_destruct)
ti_sysbios_family_arm_m3_Hwi_enableInterrupt__E  $Tramp$TT$L$PI$$ti_sysbios_family_arm_m3_Hwi_enableInterrupt__E
   1002d91d     000050f8     000050c4   dpl_cc26x2.a : HwiP_tirtos.oem4f (.text:HwiP_enableInterrupt)
ti_sysbios_family_arm_m3_Hwi_disableInterrupt__E  $Tramp$TT$L$PI$$ti_sysbios_family_arm_m3_Hwi_disableInterrupt__E
   1002d8d9     00005100     000050c0   dpl_cc26x2.a : HwiP_tirtos.oem4f (.text:HwiP_disableInterrupt)
ti_sysbios_family_arm_m3_Hwi_disableFxn__E  $Tramp$TT$L$PI$$ti_sysbios_family_arm_m3_Hwi_disableFxn__E
   1002eb55     00005108     000050bc   dpl_cc26x2.a : HwiP_tirtos.oem4f (.text:HwiP_disable)
ti_sysbios_family_arm_m3_Hwi_destruct  $Tramp$TT$L$PI$$ti_sysbios_family_arm_m3_Hwi_destruct
   1002e475     00005110     000050b8   dpl_cc26x2.a : HwiP_tirtos.oem4f (.text:HwiP_destruct)
ti_sysbios_BIOS_getCpuFreq__E  $Tramp$TT$L$PI$$ti_sysbios_BIOS_getCpuFreq__E
   1002e9fd     00005118     000050a8   dpl_cc26x2.a : ClockP_tirtos.oem4f (.text:ClockP_getCpuFreq)
ti_sysbios_knl_Semaphore_delete  $Tramp$TT$L$PI$$ti_sysbios_knl_Semaphore_delete
   1002ecdb     00005120     00004fea   dpl_cc26x2.a : SemaphoreP_tirtos.oem4f (.text:SemaphoreP_delete)
ti_sysbios_knl_Semaphore_post__E  $Tramp$TT$L$PI$$ti_sysbios_knl_Semaphore_post__E
   1002cd21     00005128     00004f56   spimaster.obj (.text:Callback_GPIO_Dir)
                             000050cc   dpl_cc26x2.a : SemaphoreP_tirtos.oem4f (.text:SemaphoreP_post)
ti_sysbios_knl_Clock_logTick__E  $Tramp$TT$L$PI$$ti_sysbios_knl_Clock_logTick__E
   1002dbd7     00005130     00004ef6   release_pem4f.oem4f (.text:ti_sysbios_knl_Clock_doTick__I)
ti_sysbios_knl_Task_Params__init__S  $Tramp$TT$L$PI$$ti_sysbios_knl_Task_Params__init__S
   1002ec09     00005138     00004e76   spimaster.obj (.text:ti_sysbios_knl_Task_Params_init)
ti_sysbios_knl_Mailbox_Params__init__S  $Tramp$TT$L$PI$$ti_sysbios_knl_Mailbox_Params__init__S
   1002ebc1     00005140     00004e60   spimaster.obj (.text:ti_sysbios_knl_Mailbox_Params_init)
ti_sysbios_knl_Swi_post__E  $Tramp$TT$L$PI$$ti_sysbios_knl_Swi_post__E
   1002d891     00005148     00004e08   rom_sysbios.aem4f : rom_sysbios.obj (.text:ti_sysbios_knl_Swi_or__E)
                             00004efe   release_pem4f.oem4f (.text:ti_sysbios_knl_Clock_doTick__I)
                             000050dc   dpl_cc26x2.a : SwiP_tirtos.oem4f (.text:SwiP_post)
ti_sysbios_BIOS_RtsGateProxy_leave__E  $Tramp$TT$L$PI$$ti_sysbios_BIOS_RtsGateProxy_leave__E
   1002ec7b     00005150     00004dea   release_pem4f.oem4f (.text:ti_sysbios_BIOS_rtsUnlock__I)
ti_sysbios_knl_Swi_construct  $Tramp$TT$L$PI$$ti_sysbios_knl_Swi_construct
   1002d719     00005158     00004cfe   rom_sysbios.aem4f : rom_sysbios.obj (.text:ti_sysbios_knl_Swi_construct2__E)
ti_sysbios_knl_Swi_restore__E  $Tramp$TT$L$PI$$ti_sysbios_knl_Swi_restore__E
   1002db61     00005160     00004caa   dpl_cc26x2.a : PowerCC26X2_tirtos.oem4f (.text:PowerCC26XX_schedulerRestore)
ti_sysbios_BIOS_RtsGateProxy_enter__E  $Tramp$TT$L$PI$$ti_sysbios_BIOS_RtsGateProxy_enter__E
   1002ec77     00005168     00004b9a   release_pem4f.oem4f (.text:ti_sysbios_BIOS_rtsLock__I)
ti_sysbios_knl_Mailbox_post__E  $Tramp$TT$L$PI$$ti_sysbios_knl_Mailbox_post__E
   1002cf49     00005170     00004b2a   spimaster.obj (.text:Callback_GPIO_Step_En)
ti_sysbios_knl_Task_restore__E  $Tramp$TT$L$PI$$ti_sysbios_knl_Task_restore__E
   1002df45     00005178     00004a70   rom_sysbios.aem4f : rom_sysbios.obj (.text:_pthread_cleanupFxn)
                             00004cb2   dpl_cc26x2.a : PowerCC26X2_tirtos.oem4f (.text:PowerCC26XX_schedulerRestore)
ti_sysbios_knl_Clock_TimerProxy_getCurrentTick__E  $Tramp$TT$L$PI$$ti_sysbios_knl_Clock_TimerProxy_getCurrentTick__E
   1002eac5     00005180     00004912   rom_sysbios.aem4f : rom_sysbios.obj (.text:ti_sysbios_knl_Clock_getTicksUntilInterrupt__E)
xdc_runtime_Memory_free__E  $Tramp$TT$L$PI$$xdc_runtime_Memory_free__E
   1002f81d     00005188     000048f4   rom_sysbios.aem4f : rom_sysbios.obj (.text:_pthread_delete$45)
ti_sysbios_knl_Task_delete  $Tramp$TT$L$PI$$ti_sysbios_knl_Task_delete
   1002ece7     00005190     000048e8   rom_sysbios.aem4f : rom_sysbios.obj (.text:_pthread_delete$45)
ti_sysbios_knl_Semaphore_destruct  $Tramp$TT$L$PI$$ti_sysbios_knl_Semaphore_destruct
   1002e6fd     00005198     000048dc   rom_sysbios.aem4f : rom_sysbios.obj (.text:_pthread_delete$45)
                             000050c8   dpl_cc26x2.a : SemaphoreP_tirtos.oem4f (.text:SemaphoreP_destruct)
ti_sysbios_knl_Semaphore_construct  $Tramp$TT$L$PI$$ti_sysbios_knl_Semaphore_construct
   1002ddc1     000051a0     0000489e   dpl_cc26x2.a : SemaphoreP_tirtos.oem4f (.text:SemaphoreP_constructBinary)
ti_sysbios_knl_Semaphore_Params__init__S  $Tramp$TT$L$PI$$ti_sysbios_knl_Semaphore_Params__init__S
   1002ebe5     000051a8     0000488e   dpl_cc26x2.a : SemaphoreP_tirtos.oem4f (.text:SemaphoreP_constructBinary)
                             000048b8                : SemaphoreP_tirtos.oem4f (.text:SemaphoreP_createBinary)
ti_sysbios_knl_Task_startup__E  $Tramp$TT$L$PI$$ti_sysbios_knl_Task_startup__E
   1002eceb     000051b0     0000478c   release_pem4f.oem4f (.text:ti_sysbios_BIOS_startFunc__I)
ti_sysbios_knl_Swi_startup__E  $Tramp$TT$L$PI$$ti_sysbios_knl_Swi_startup__E
   1002ec6b     000051b8     00004788   release_pem4f.oem4f (.text:ti_sysbios_BIOS_startFunc__I)
ti_sysbios_hal_Hwi_startup__E  $Tramp$TT$L$PI$$ti_sysbios_hal_Hwi_startup__E
   1002ec31     000051c0     00004784   release_pem4f.oem4f (.text:ti_sysbios_BIOS_startFunc__I)
ti_sysbios_family_arm_cc26xx_Timer_startup__E  $Tramp$TT$L$PI$$ti_sysbios_family_arm_cc26xx_Timer_startup__E
   1002dcf1     000051c8     00004780   release_pem4f.oem4f (.text:ti_sysbios_BIOS_startFunc__I)
xdc_runtime_System_atexit__E  $Tramp$TT$L$PI$$xdc_runtime_System_atexit__E
   1002f559     000051d0     00004778   release_pem4f.oem4f (.text:ti_sysbios_BIOS_startFunc__I)
ti_sysbios_BIOS_linkedWithIncorrectBootLibrary__E  $Tramp$TT$L$PI$$ti_sysbios_BIOS_linkedWithIncorrectBootLibrary__E
   1002d01b     000051d8     00004772   release_pem4f.oem4f (.text:ti_sysbios_BIOS_startFunc__I)
xdc_runtime_Startup_rtsDone__E  $Tramp$TT$L$PI$$xdc_runtime_Startup_rtsDone__E
   1002f8e5     000051e0     0000476a   release_pem4f.oem4f (.text:ti_sysbios_BIOS_startFunc__I)
ti_sysbios_knl_Task_disable__E  $Tramp$TT$L$PI$$ti_sysbios_knl_Task_disable__E
   1002ea4d     000051e8     0000473e   release_pem4f.oem4f (.text:ti_sysbios_BIOS_atExitFunc__I)
                             00004a62   rom_sysbios.aem4f : rom_sysbios.obj (.text:_pthread_cleanupFxn)
                             00004c8a   dpl_cc26x2.a : PowerCC26X2_tirtos.oem4f (.text:PowerCC26XX_schedulerDisable)
ti_sysbios_knl_Swi_disable__E  $Tramp$TT$L$PI$$ti_sysbios_knl_Swi_disable__E
   1002ea25     000051f0     0000473a   release_pem4f.oem4f (.text:ti_sysbios_BIOS_atExitFunc__I)
                             00004c92   dpl_cc26x2.a : PowerCC26X2_tirtos.oem4f (.text:PowerCC26XX_schedulerDisable)
ti_sysbios_family_arm_m3_Hwi_construct  $Tramp$TT$L$PI$$ti_sysbios_family_arm_m3_Hwi_construct
   1002d421     000051f8     0000434a   rom_sysbios.aem4f : rom_sysbios.obj (.text:ti_sysbios_family_arm_m3_Hwi_construct2__E)
ti_sysbios_family_arm_m3_Hwi_Params__init__S  $Tramp$TT$L$PI$$ti_sysbios_family_arm_m3_Hwi_Params__init__S
   1002eb49     00005200     00004294   dpl_cc26x2.a : HwiP_tirtos.oem4f (.text:HwiP_construct)
ti_sysbios_knl_Clock_construct  $Tramp$TT$L$PI$$ti_sysbios_knl_Clock_construct
   1002dd8d     00005208     0000412e   dpl_cc26x2.a : ClockP_tirtos.oem4f (.text:ClockP_construct)
ti_sysbios_knl_Clock_Params__init__S  $Tramp$TT$L$PI$$ti_sysbios_knl_Clock_Params__init__S
   1002eb9d     00005210     00004114   dpl_cc26x2.a : ClockP_tirtos.oem4f (.text:ClockP_construct)
ti_sysbios_knl_Semaphore_pend__E  $Tramp$TT$L$PI$$ti_sysbios_knl_Semaphore_pend__E
   1002bfb1     00005218     00003e06   spimaster.obj (.text:taskSetDirFxn)
                             00004712   spimaster.obj (.text:taskReportFxn)
                             00004f2e   dpl_cc26x2.a : SemaphoreP_tirtos.oem4f (.text:SemaphoreP_pend)
ti_sysbios_knl_Swi_Params__init__S  $Tramp$TT$L$PI$$ti_sysbios_knl_Swi_Params__init__S
   1002ebf1     00005220     00003b1a   dpl_cc26x2.a : SwiP_tirtos.oem4f (.text:SwiP_construct)
ti_sysbios_heaps_HeapMem_Module_GateProxy_leave__E  $Tramp$TT$L$PI$$ti_sysbios_heaps_HeapMem_Module_GateProxy_leave__E
   1002ecaf     00005228     00003a6a   rom_sysbios.aem4f : rom_sysbios.obj (.text:ti_sysbios_heaps_HeapMem_alloc__E)
ti_sysbios_heaps_HeapMem_Module_GateProxy_enter__E  $Tramp$TT$L$PI$$ti_sysbios_heaps_HeapMem_Module_GateProxy_enter__E
   1002ecab     00005230     00003a54   rom_sysbios.aem4f : rom_sysbios.obj (.text:ti_sysbios_heaps_HeapMem_alloc__E)
xdc_runtime_System_exit__E  $Tramp$TT$L$PI$$xdc_runtime_System_exit__E
   1002f7b1     00005238     00003a2c   boot.aem4f : boot.oem4f (.text)
                             00004e4a   release_pem4f.oem4f (.text:ti_sysbios_BIOS_exitFunc__I)
ti_sysbios_heaps_HeapMem_restore__E  $Tramp$TT$L$PI$$ti_sysbios_heaps_HeapMem_restore__E
   1002eb13     00005240     000038c8   rom_sysbios.aem4f : rom_sysbios.obj (.text:ti_sysbios_heaps_HeapMem_initPrimary__I)
ti_sysbios_heaps_HeapMem_Object__get__S  $Tramp$TT$L$PI$$ti_sysbios_heaps_HeapMem_Object__get__S
   1002e275     00005248     00003898   rom_sysbios.aem4f : rom_sysbios.obj (.text:ti_sysbios_heaps_HeapMem_initPrimary__I)
xdc_runtime_Error_raiseX__E  $Tramp$TT$L$PI$$xdc_runtime_Error_raiseX__E
   1002f739     00005250     0000309e   rom_sysbios.aem4f : rom_sysbios.obj (.text:ti_sysbios_family_arm_m3_Hwi_excHandlerMin__I)
                             00003a84                     : rom_sysbios.obj (.text:ti_sysbios_heaps_HeapMem_alloc__E)
ti_sysbios_BIOS_setThreadType__E  $Tramp$TT$L$PI$$ti_sysbios_BIOS_setThreadType__E
   1002ea11     00005258     0000305e   rom_sysbios.aem4f : rom_sysbios.obj (.text:ti_sysbios_family_arm_m3_Hwi_excHandlerMin__I)
                             00004744   release_pem4f.oem4f (.text:ti_sysbios_BIOS_atExitFunc__I)
                             00004e44   release_pem4f.oem4f (.text:ti_sysbios_BIOS_exitFunc__I)
ti_sysbios_family_arm_m3_Hwi_excFillContext__I  $Tramp$TT$L$PI$$ti_sysbios_family_arm_m3_Hwi_excFillContext__I
   1002bda9     00005260     00003058   rom_sysbios.aem4f : rom_sysbios.obj (.text:ti_sysbios_family_arm_m3_Hwi_excHandlerMin__I)
ti_sysbios_knl_Mailbox_pend__E  $Tramp$TT$L$PI$$ti_sysbios_knl_Mailbox_pend__E
   1002d581     00005268     00002980   spimaster.obj (.text:taskPWMFxn)
xdc_runtime_System_printf__E  $Tramp$TT$L$PI$$xdc_runtime_System_printf__E
   1002f7e9     00005270     0000296c   spimaster.obj (.text:taskPWMFxn)
                             00002fee   spimaster.obj (.text:dataSPI)
ti_sysbios_knl_Clock_stop__E  $Tramp$TT$L$PI$$ti_sysbios_knl_Clock_stop__E
   1002e2c5     00005278     000020d6   dpl_cc26x2.a : PowerCC26X2_tirtos.oem4f (.text:PowerCC26XX_standbyPolicy)
                             000050b0                : ClockP_tirtos.oem4f (.text:ClockP_stop)
ti_sysbios_knl_Clock_start__E  $Tramp$TT$L$PI$$ti_sysbios_knl_Clock_start__E
   1002e9e7     00005280     000020c2   dpl_cc26x2.a : PowerCC26X2_tirtos.oem4f (.text:PowerCC26XX_standbyPolicy)
                             000050ac                : ClockP_tirtos.oem4f (.text:ClockP_start)
ti_sysbios_knl_Clock_setTimeout__E  $Tramp$TT$L$PI$$ti_sysbios_knl_Clock_setTimeout__E
   1002ecc3     00005288     000020bc   dpl_cc26x2.a : PowerCC26X2_tirtos.oem4f (.text:PowerCC26XX_standbyPolicy)
xdc_runtime_System_doPrint__I  $Tramp$TT$L$PI$$xdc_runtime_System_doPrint__I
   1002ecf1     00005290     00000fca   release_pem4f.oem4f (.text:xdc_runtime_System_printfExtend__I)
ti_sysbios_BIOS_start__E  $Tramp$TT$L$PI$$ti_sysbios_BIOS_start__E
   1002eaa5     00005298     00000828   spimaster.obj (.text:main)
ti_sysbios_knl_Mailbox_create  $Tramp$TT$L$PI$$ti_sysbios_knl_Mailbox_create
   1002d311     000052a0     00000814   spimaster.obj (.text:main)
ti_sysbios_knl_Semaphore_create  $Tramp$TT$L$PI$$ti_sysbios_knl_Semaphore_create
   1002dc49     000052a8     000007d8   spimaster.obj (.text:main)
                             000007f2   spimaster.obj (.text:main)
                             000048c8   dpl_cc26x2.a : SemaphoreP_tirtos.oem4f (.text:SemaphoreP_createBinary)
xdc_runtime_System_abort__E  $Tramp$TT$L$PI$$xdc_runtime_System_abort__E
   1002f711     000052b0     0000079e   spimaster.obj (.text:main)
                             000007b4   spimaster.obj (.text:main)
                             000007ce   spimaster.obj (.text:main)
                             000007e8   spimaster.obj (.text:main)
                             00000802   spimaster.obj (.text:main)
                             00000824   spimaster.obj (.text:main)
ti_sysbios_knl_Task_create  $Tramp$TT$L$PI$$ti_sysbios_knl_Task_create
   1002d529     000052b8     00000792   spimaster.obj (.text:main)
                             000007a8   spimaster.obj (.text:main)
                             000007c2   spimaster.obj (.text:main)
ti_sysbios_family_arm_m3_Hwi_restoreFxn__E  $Tramp$TT$L$PI$$ti_sysbios_family_arm_m3_Hwi_restoreFxn__E
   1002ec47     000052c0     000000c0   drivers_cc26x2.a : SPICC26X2DMA.oem4f (.text:SPICC26X2DMA_transfer)
                             0000014c                    : SPICC26X2DMA.oem4f (.text:SPICC26X2DMA_transfer)
                             000002ee                    : SPICC26X2DMA.oem4f (.text:SPICC26X2DMA_transfer)
                             00001248                    : SPICC26X2DMA.oem4f (.text:SPICC26X2DMA_transferCancel)
                             00001268                    : SPICC26X2DMA.oem4f (.text:SPICC26X2DMA_transferCancel)
                             000016fc                    : SPICC26X2DMA.oem4f (.text:SPICC26X2DMA_open)
                             0000170c                    : SPICC26X2DMA.oem4f (.text:SPICC26X2DMA_open)
                             00001b26                    : PINCC26XX.oem4f (.text:PINCC26XX_setIoCfg)
                             00001b6c                    : PINCC26XX.oem4f (.text:PINCC26XX_setIoCfg)
                             00001c16                    : GPIOCC26XX.oem4f (.text:GPIO_setConfig)
                             00001c46                    : GPIOCC26XX.oem4f (.text:GPIO_setConfig)
                             00001fa8                    : PWMTimerCC26XX.oem4f (.text:PWMTimerCC26XX_open)
                             00001fb8                    : PWMTimerCC26XX.oem4f (.text:PWMTimerCC26XX_open)
                             00002152                    : GPIOCC26XX.oem4f (.text:GPIO_init)
                             00002158                    : GPIOCC26XX.oem4f (.text:GPIO_init)
                             0000229c                    : PowerCC26X2.oem4f (.text:Power_releaseDependency)
                             00002356                    : PowerCC26X2.oem4f (.text:Power_setDependency)
                             00002756                    : PWMTimerCC26XX.oem4f (.text:PWMTimerCC26XX_setDutyAndPeriod)
                             00002bca                    : GPTimerCC26XX.oem4f (.text:GPTimerCC26XX_open)
                             00002be6                    : GPTimerCC26XX.oem4f (.text:GPTimerCC26XX_open)
                             0000344e                    : SPICC26X2DMA.oem4f (.text:csnCallback)
                             0000347e                    : SPICC26X2DMA.oem4f (.text:csnCallback)
                             00003762                    : GPIOCC26XX.oem4f (.text:GPIO_write)
                             00003970                    : GPTimerCC26XX.oem4f (.text:GPTimerCC26XX_stop)
                             0000397e                    : GPTimerCC26XX.oem4f (.text:GPTimerCC26XX_stop)
                             000039ba                    : PowerCC26X2_calibrateRCOSC.oem4f (.text:PowerCC26X2_initiateCalibration)
                             00003b7e                    : GPIOCC26XX.oem4f (.text:GPIO_enableInt)
                             00003d00                    : GPTimerCC26XX.oem4f (.text:GPTimerCC26XX_start)
                             00003d0c                    : GPTimerCC26XX.oem4f (.text:GPTimerCC26XX_start)
                             00003da0                    : UDMACC26XX.oem4f (.text:UDMACC26XX_open)
                             00003ef6                    : PowerCC26X2.oem4f (.text:switchXOSCHF)
                             00003fda                    : PWM.oem4f (.text:PWM_init)
                             0000401e                    : SPI.oem4f (.text:SPI_init)
                             00004444                    : UDMACC26XX.oem4f (.text:UDMACC26XX_close)
                             00004472                    : GPIOCC26XX.oem4f (.text:GPIO_toggle)
                             00004642                    : GPTimerCC26XX.oem4f (.text:GPTimerCC26XX_close)
                             00004686                    : PWMTimerCC26XX.oem4f (.text:PWMTimerCC26XX_start)
                             000046cc                    : PowerCC26X2.oem4f (.text:Power_releaseConstraint)
                             000046fc                    : PowerCC26X2.oem4f (.text:Power_setConstraint)
                             00004844                    : PWMTimerCC26XX.oem4f (.text:PWMTimerCC26XX_close)
                             0000485e                    : PWMTimerCC26XX.oem4f (.text:PWMTimerCC26XX_stop)
                             000049ec                    : List.oem4f (.text:List_put)
                             00004a12                    : List.oem4f (.text:List_remove)
[...]
1002eb6d  ti_sysbios_gates_GateHwi_enter__E                                  
1002eb79  ti_sysbios_BIOS_RtsGateProxy_Params__init__S                       
1002eb79  ti_sysbios_gates_GateMutex_Params__init__S                         
1002eb79  ti_sysbios_heaps_HeapMem_Module_GateProxy_Params__init__S          
1002eb85  ti_sysbios_heaps_HeapTrack_Params__init__S                         
1002eb91  ti_sysbios_heaps_HeapTrack_isBlocking__E                           
1002eb9d  ti_sysbios_knl_Clock_Params__init__S                               
1002eba9  ti_sysbios_knl_Clock_getTimerHandle__E                             
1002ebb5  ti_sysbios_knl_Event_Params__init__S                               
1002ebc1  ti_sysbios_knl_Mailbox_Params__init__S                             
1002ebcd  ti_sysbios_knl_Queue_dequeue__E                                    
1002ebd9  ti_sysbios_knl_Queue_enqueue__E                                    
1002ebe5  ti_sysbios_knl_Semaphore_Params__init__S                           
1002ebf1  ti_sysbios_knl_Swi_Params__init__S                                 
1002ebfd  ti_sysbios_knl_Swi_self__E                                         
1002ec09  ti_sysbios_knl_Task_Params__init__S                                
1002ec15  ti_sysbios_hal_Hwi_Instance_finalize__E                            
1002ec1f  ti_sysbios_knl_Event_Instance_init__E                              
1002ec29  ti_sysbios_family_arm_m3_Hwi_doSwiRestore__I                       
1002ec31  ti_sysbios_family_arm_m3_Hwi_startup__E                            
1002ec31  ti_sysbios_hal_Hwi_HwiProxy_startup__E                             
1002ec31  ti_sysbios_hal_Hwi_HwiProxy_startup__E                             
1002ec31  ti_sysbios_hal_Hwi_startup__E                                      
1002ec31  ti_sysbios_hal_Hwi_startup__E                                      
1002ec39  ti_sysbios_knl_Idle_loop__E                                        
1002ec41  ti_sysbios_family_arm_m3_Hwi_doTaskRestore__I                      
1002ec47  HwiP_restore                                                       
1002ec47  ti_sysbios_family_arm_m3_Hwi_restoreFxn__E                         
1002ec4d  ti_sysbios_gates_GateHwi_leave__E                                  
1002ec53  ti_sysbios_gates_GateMutex_Instance_finalize__E                    
1002ec59  ti_sysbios_heaps_HeapMem_isBlocking__E                             
1002ec5f  ti_sysbios_knl_Queue_Instance_init__E                              
1002ec65  ti_sysbios_knl_Queue_elemClear__E                                  
1002ec6b  ti_sysbios_knl_Swi_startup__E                                      
1002ec71  ti_sysbios_knl_Task_enable__E                                      
1002ec77  ti_sysbios_BIOS_RtsGateProxy_enter__E                              
1002ec7b  ti_sysbios_BIOS_RtsGateProxy_leave__E                              
1002ec7f  ti_sysbios_family_arm_cc26xx_Timer_getExpiredTicks__E              
1002ec83  ti_sysbios_family_arm_cc26xx_Timer_getPeriod__E                    
1002ec87  ti_sysbios_family_arm_cc26xx_Timer_setPeriod__E                    
1002ec8b  ti_sysbios_family_arm_m3_Hwi_delete                                
1002ec8f  ti_sysbios_family_arm_m3_TaskSupport_Module__startupDone__S        
1002ec8f  ti_sysbios_knl_Task_SupportProxy_Module__startupDone__S            
1002ec93  ti_sysbios_gates_GateHwi_query__E                                  
1002ec93  xdc_runtime_Main_Module_GateProxy_query__E                         
1002ec93  xdc_runtime_System_Module_GateProxy_query__E                       
1002ec93  xdc_runtime_System_Module_GateProxy_query__E                       
1002ec97  ti_sysbios_gates_GateMutex_delete                                  
1002ec9b  ti_sysbios_BIOS_RtsGateProxy_query__E                              
1002ec9b  ti_sysbios_BIOS_RtsGateProxy_query__E                              
1002ec9b  ti_sysbios_gates_GateMutex_query__E                                
1002ec9b  ti_sysbios_heaps_HeapMem_Module_GateProxy_query__E                 
1002ec9b  ti_sysbios_heaps_HeapMem_Module_GateProxy_query__E                 
1002ec9f  ti_sysbios_hal_Hwi_HwiProxy_create                                 
1002eca3  ti_sysbios_hal_Hwi_HwiProxy_delete                                 
1002eca7  ti_sysbios_hal_Hwi_delete                                          
1002ecab  ti_sysbios_heaps_HeapMem_Module_GateProxy_enter__E                 
1002ecaf  ti_sysbios_heaps_HeapMem_Module_GateProxy_leave__E                 
1002ecb3  ti_sysbios_knl_Clock_TimerProxy_getExpiredTicks__E                 
1002ecb7  ti_sysbios_knl_Clock_TimerProxy_getPeriod__E                       
1002ecbb  ti_sysbios_knl_Clock_delete                                        
1002ecbf  ti_sysbios_knl_Clock_removeI__E                                    
1002ecc3  ti_sysbios_knl_Clock_setTimeout__E                                 
1002ecc7  ti_sysbios_knl_Event_delete                                        
1002eccb  ti_sysbios_knl_Mailbox_delete                                      
1002eccf  ti_sysbios_knl_Queue_delete                                        
1002ecd3  ti_sysbios_knl_Queue_head__E                                       
1002ecd7  ti_sysbios_knl_Queue_next__E                                       
1002ecdb  ti_sysbios_knl_Semaphore_delete                                    
1002ecdf  ti_sysbios_knl_Swi_delete                                          
1002ece3  ti_sysbios_knl_Swi_postInit__I                                     
1002ece7  ti_sysbios_knl_Task_delete                                         
1002eceb  ti_sysbios_knl_Task_startup__E                                     
1002ecf1  xdc_runtime_System_doPrint__I                                      
1002f055  xdc_runtime_Startup_startMods__I                                   
1002f15d  xdc_runtime_Text_putSite__E                                        
1002f1f7  xdc_runtime_Error_policySpin__E                                    
1002f1f9  xdc_runtime_Text_putMod__E                                         
1002f289  xdc_runtime_Memory_alloc__E                                        
1002f2f9  xdc_runtime_Core_createObject__I                                   
1002f367  xdc_runtime_Core_deleteObject__I                                   
1002f3c5  xdc_runtime_Text_putLab__E                                         
1002f421  xdc_runtime_Assert_raise__I                                        
1002f475  xdc_runtime_Startup_exec__E                                        
1002f4c9  xdc_runtime_Core_assignParams__I                                   
1002f511  xdc_runtime_Core_constructObject__I                                
1002f559  xdc_runtime_System_atexit__E                                       
1002f5a1  xdc_runtime_Text_xprintf__I                                        
1002f5e5  xdc_runtime_System_processAtExit__E                                
1002f625  xdc_runtime_System_putchar__I                                      
1002f659  xdc_runtime_Core_assignLabel__I                                    
1002f689  xdc_runtime_Text_printVisFxn__I                                    
1002f6b9  xdc_runtime_System_vprintf__E                                      
1002f6e5  xdc_runtime_Text_cordText__E                                       
1002f711  xdc_runtime_System_abort__E                                        
1002f739  xdc_runtime_Error_raiseX__E                                        
1002f759  xdc_runtime_Registry_findById__E                                   
1002f779  xdc_runtime_Error_check__E                                         
1002f795  xdc_runtime_Memory_valloc__E                                       
1002f7b1  xdc_runtime_System_exit__E                                         
1002f7cd  xdc_runtime_Text_ropeText__E                                       
1002f7e9  xdc_runtime_System_printf__E                                       
1002f803  xdc_runtime_Core_destructObject__I                                 
1002f81b  xdc_runtime_System_abortSpin__E                                    
1002f81d  xdc_runtime_Memory_free__E                                         
1002f831  xdc_runtime_Memory_getStats__E                                     
1002f845  xdc_runtime_SysCallback_abort__E                                   
1002f845  xdc_runtime_System_SupportProxy_abort__E                           
1002f859  xdc_runtime_SysCallback_exit__E                                    
1002f859  xdc_runtime_System_SupportProxy_exit__E                            
1002f86d  xdc_runtime_SysCallback_flush__E                                   
1002f86d  xdc_runtime_System_SupportProxy_flush__E                           
1002f86d  xdc_runtime_System_flush__E                                        
1002f881  xdc_runtime_SysCallback_putch__E                                   
1002f881  xdc_runtime_System_SupportProxy_putch__E                           
1002f895  xdc_runtime_SysCallback_ready__E                                   
1002f895  xdc_runtime_System_SupportProxy_ready__E                           
1002f8a9  xdc_runtime_Memory_getMaxDefaultTypeAlign__E                       
1002f8b9  xdc_runtime_System_vsnprintf__E                                    
1002f8c9  xdc_runtime_Timestamp_SupportProxy_get32__E                        
1002f8c9  xdc_runtime_Timestamp_SupportProxy_get32__E                        
1002f8c9  xdc_runtime_Timestamp_get32__E                                     
1002f8c9  xdc_runtime_Timestamp_get32__E                                     
1002f8d9  xdc_runtime_Memory_calloc__E                                       
1002f8e5  xdc_runtime_Startup_rtsDone__E                                     
1002f8f1  xdc_runtime_Memory_HeapProxy_alloc__E                              
1002f8fb  xdc_runtime_Memory_HeapProxy_free__E                               
1002f905  xdc_runtime_Memory_HeapProxy_getStats__E                           
1002f90f  xdc_runtime_Gate_leaveSystem__E                                    
1002f915  xdc_runtime_System_Module_startup__E                               
1002f91b  xdc_runtime_Gate_enterSystem__E                                    
1002f91f  xdc_runtime_SysCallback_Module__startupDone__S                     
1002f91f  xdc_runtime_System_SupportProxy_Module__startupDone__S             
1002f923  xdc_runtime_System_Module_GateProxy_enter__E                       
1002f927  xdc_runtime_System_Module_GateProxy_leave__E                       
1002f92b  xdc_runtime_System_printf_va__F                                    
1002f92f  xdc_runtime_System_exitSpin__E                                     
1002f931  ti_sysbios_family_arm_m3_Hwi_dispatch__I                           
1002fa11  ti_sysbios_family_arm_m3_Hwi_interruptsAreDisabledButShouldNotBe   
1002fa2d  ti_sysbios_family_arm_m3_TaskSupport_buildTaskStack                
1002fab9  ti_sysbios_family_arm_m3_Hwi_initStacks__E                         
1002fb11  ti_sysbios_family_arm_m3_Hwi_pendSV__I                             
1002fb35  ti_sysbios_family_arm_m3_Hwi_return                                
1002fb39  ti_sysbios_family_arm_m3_Hwi_excHandlerAsm__I                      
1002fb59  ti_sysbios_family_xxx_Hwi_switchAndRunFunc                         
1002fb77  ti_sysbios_family_arm_m3_TaskSupport_swap__E                       
1002fb77  ti_sysbios_knl_Task_SupportProxy_swap__E                           
1002fb77  ti_sysbios_knl_Task_SupportProxy_swap__E                           
1002fb83  ti_sysbios_knl_Task_swapReturn                                     
1002fb8f  ti_sysbios_family_arm_m3_TaskSupport_glue                          
1002fba0  ti_sysbios_knl_Task_Object__PARAMS__C                              
1002fbdc  ti_sysbios_knl_Mailbox_Object__PARAMS__C                           
1002fc10  ti_sysbios_family_arm_m3_Hwi_Object__PARAMS__C                     
1002fc40  ti_sysbios_hal_Hwi_Object__PARAMS__C                               
1002fc6c  ti_sysbios_knl_Swi_Object__PARAMS__C                               
1002fc94  ti_sysbios_heaps_HeapMem_Object__PARAMS__C                         
1002fcb8  ti_sysbios_knl_Clock_Object__PARAMS__C                             
1002fcdc  ti_sysbios_knl_Semaphore_Object__PARAMS__C                         
1002fd00  ti_sysbios_gates_GateHwi_Object__PARAMS__C                         
1002fd18  ti_sysbios_gates_GateMutex_Object__PARAMS__C                       
1002fd30  ti_sysbios_knl_Event_Object__PARAMS__C                             
1002fd48  ti_sysbios_knl_Queue_Object__PARAMS__C                             
1002fd80  ti_sysbios_heaps_HeapTrack_Object__PARAMS__C                       
1002fd9c  ti_sysbios_heaps_HeapTrack_Instance_State_trackQueue__O            
1002fda0  ti_sysbios_heaps_HeapTrack_Module__diagsEnabled__C                 
1002fda4  ti_sysbios_heaps_HeapTrack_Module__diagsIncluded__C                
1002fda8  ti_sysbios_heaps_HeapTrack_Module__diagsMask__C                    
1002fddb  strlen                                                             
20000000  __start___llvm_prf_cnts                                            
20000000  __stop___llvm_prf_cnts                                             
20000000  ti_sysbios_family_arm_m3_Hwi_ramVectors                            
20000100  xdcRomConstPtr                                                     
20000104  xdcRomExternFuncPtr                                                
20000108  xdcRomStatePtr                                                     
20000110  ti_sysbios_knl_Task_Instance_State_0_stack__A                      
20000310  spiCC26X2DMAObjects                                                
20000420  ti_sysbios_family_arm_m3_Hwi_dispatchTable                         
200004f8  gptimerCC26XXObjects                                               
20000590  pinHandleTable                                                     
200006d8  pwmTimerCC26XXObjects                                              
200006f8  udmaCC26XXObject                                                   
20000734  masterRxBuffer                                                     
20000744  masterTxBuffer                                                     
20000778  PowerCC26XX_swiKey                                                 
2000077c  PowerCC26XX_taskKey                                                
20000780  dirgpio                                                            
20000784  semReport                                                          
20000788  stepEnMB                                                           
2000078c  driverlib_release_0_60278                                          
20000790  PowerCC26X2_module                                                 
20000900  ROM_stateStruct                                                    
20000900  ti_sysbios_knl_Clock_Module__state__V                              
2000092c  ti_sysbios_family_arm_cc26xx_TimestampProvider_Module__state__V    
20000930  xdc_runtime_Startup_Module__state__V                               
20000938  xdc_runtime_Registry_Module__state__V                              
20000940  ti_sysbios_BIOS_Module__state__V                                   
20000964  ti_sysbios_knl_Swi_Module__state__V                                
20000980  ti_sysbios_knl_Task_Module__state__V                               
200009c4  xdc_runtime_Memory_Module__state__V                                
200009c8  xdc_runtime_System_Module__state__V                                
200009d0  ti_sysbios_family_arm_m3_Hwi_Module__state__V                      
20000a04  ti_sysbios_family_arm_cc26xx_Timer_Module__state__V                
20000ac0  ti_sysbios_knl_Task_Object__table__V                               
20000b10  ti_sysbios_family_arm_cc26xx_Timer_Object__table__V                
20000b58  ti_sysbios_gates_GateMutex_Object__table__V                        
20000b90  ti_sysbios_knl_Swi_Module_State_0_readyQ__A                        
20000bc0  ti_sysbios_knl_Swi_Object__table__V                                
20000bf0  ti_sysbios_knl_Task_Module_State_0_readyQ__A                       
20000c20  _hposcCoeffs                                                       
20000c44  ti_sysbios_knl_Clock_Object__table__V                              
20000c64  xdc_runtime_Error_IgnoreBlock                                      
20000c84  ti_sysbios_family_arm_m3_Hwi_Object__table__V                      
20000c9c  ti_sysbios_heaps_HeapMem_Object__table__V                          
20000cb4  gpioCallbackFunctions                                              
20000cc8  gpioPinConfigs                                                     
20000cdc  _lock                                                              
20000ce0  _unlock                                                            
20000ce4  pinUpperBound                                                      
20000ce8  pinLowerBound                                                      
20000cec  ti_sysbios_family_arm_m3_Hwi_Module__root__V                       
20000cf4  ti_sysbios_gates_GateHwi_Module__root__V                           
20000cfc  ti_sysbios_gates_GateMutex_Module__root__V                         
20000d04  ti_sysbios_hal_Hwi_Module__root__V                                 
20000d0c  ti_sysbios_heaps_HeapMem_Module__root__V                           
20000d14  ti_sysbios_knl_Clock_Module__root__V                               
20000d1c  ti_sysbios_knl_Event_Module__root__V                               
20000d24  ti_sysbios_knl_Mailbox_Module__root__V                             
20000d2c  ti_sysbios_knl_Queue_Module__root__V                               
20000d34  ti_sysbios_knl_Semaphore_Module__root__V                           
20000d3c  ti_sysbios_knl_Swi_Module__root__V                                 
20000d44  ti_sysbios_knl_Task_Module__root__V                                
20000d4c  xdc_runtime_System_Module_State_0_atexitHandlers__A                
20000d5a  ti_sysbios_family_arm_m3_Hwi_Module_State_0_excActive__A           
20000d60  main_func_sp                                                       
20000d64  ti_sysbios_family_arm_m3_Hwi_Module_State_0_excContext__A          
20000d68  ti_sysbios_family_arm_m3_Hwi_Module_State_0_excStack__A            
20000d6c  ti_sysbios_knl_Task_Module_State_0_idleTask__A                     
20001b20  __primary_heap_start__                                             
20005b20  __primary_heap_end__                                               
20013c00  __stack                                                            
20014000  __STACK_END                                                        
e000e000  ti_sysbios_family_arm_m3_Hwi_nvic                                  
ffffffff  __TI_pprof_out_hndl                                                
ffffffff  __TI_prof_data_size                                                
ffffffff  __TI_prof_data_start                                               
ffffffff  __binit__                                                          
ffffffff  __c_args__                                                         
ffffffff  binit                                                              
UNDEFED   ITM_flush                                                          
UNDEFED   ITM_restore                                                        
UNDEFED   SHT$$INIT_ARRAY$$Base                                              
UNDEFED   SHT$$INIT_ARRAY$$Limit                                             

[896 symbols]
